Archive member included to satisfy reference by file (symbol)

c:\users\emon1\Documents\Atmel Studio\7.0\Feynman_Extension\Feynman_Extension\ArduinoCore\Debug\libArduinoCore.a(HardwareSerial.o)
                              Sketch.o (_ZN14HardwareSerial5beginEmh)
c:\users\emon1\Documents\Atmel Studio\7.0\Feynman_Extension\Feynman_Extension\ArduinoCore\Debug\libArduinoCore.a(HardwareSerial0.o)
                              Sketch.o (Serial)
c:\users\emon1\Documents\Atmel Studio\7.0\Feynman_Extension\Feynman_Extension\ArduinoCore\Debug\libArduinoCore.a(main.o)
                              C:/Program Files (x86)/Atmel/Studio/7.0/Packs/atmel/ATmega_DFP/1.2.132/gcc/dev/atmega328p/avr5/crtatmega328p.o (main)
c:\users\emon1\Documents\Atmel Studio\7.0\Feynman_Extension\Feynman_Extension\ArduinoCore\Debug\libArduinoCore.a(Print.o)
                              c:\users\emon1\Documents\Atmel Studio\7.0\Feynman_Extension\Feynman_Extension\ArduinoCore\Debug\libArduinoCore.a(HardwareSerial.o) (_ZN5Print5writeEPKhj)
c:\users\emon1\Documents\Atmel Studio\7.0\Feynman_Extension\Feynman_Extension\ArduinoCore\Debug\libArduinoCore.a(wiring.o)
                              Sketch.o (millis)
c:\users\emon1\Documents\Atmel Studio\7.0\Feynman_Extension\Feynman_Extension\ArduinoCore\Debug\libArduinoCore.a(wiring_analog.o)
                              Sketch.o (analogWrite)
c:\users\emon1\Documents\Atmel Studio\7.0\Feynman_Extension\Feynman_Extension\ArduinoCore\Debug\libArduinoCore.a(wiring_digital.o)
                              Sketch.o (pinMode)
c:\users\emon1\Documents\Atmel Studio\7.0\Feynman_Extension\Feynman_Extension\ArduinoCore\Debug\libArduinoCore.a(WMath.o)
                              src/libraries/Servo/src/avr/Servo.o (_Z3maplllll)
c:\users\emon1\Documents\Atmel Studio\7.0\Feynman_Extension\Feynman_Extension\ArduinoCore\Debug\libArduinoCore.a(abi.o)
                              c:\users\emon1\Documents\Atmel Studio\7.0\Feynman_Extension\Feynman_Extension\ArduinoCore\Debug\libArduinoCore.a(Print.o) (__cxa_pure_virtual)
c:\users\emon1\Documents\Atmel Studio\7.0\Feynman_Extension\Feynman_Extension\ArduinoCore\Debug\libArduinoCore.a(hooks.o)
                              c:\users\emon1\Documents\Atmel Studio\7.0\Feynman_Extension\Feynman_Extension\ArduinoCore\Debug\libArduinoCore.a(wiring.o) (yield)
c:/program files (x86)/atmel/studio/7.0/toolchain/avr8/avr8-gnu-toolchain/bin/../lib/gcc/avr/5.4.0/../../../../avr/lib/avr5\libm.a(addsf3.o)
                              c:\users\emon1\Documents\Atmel Studio\7.0\Feynman_Extension\Feynman_Extension\ArduinoCore\Debug\libArduinoCore.a(Print.o) (__subsf3)
c:/program files (x86)/atmel/studio/7.0/toolchain/avr8/avr8-gnu-toolchain/bin/../lib/gcc/avr/5.4.0/../../../../avr/lib/avr5\libm.a(addsf3x.o)
                              c:/program files (x86)/atmel/studio/7.0/toolchain/avr8/avr8-gnu-toolchain/bin/../lib/gcc/avr/5.4.0/../../../../avr/lib/avr5\libm.a(addsf3.o) (__addsf3x)
c:/program files (x86)/atmel/studio/7.0/toolchain/avr8/avr8-gnu-toolchain/bin/../lib/gcc/avr/5.4.0/../../../../avr/lib/avr5\libm.a(cmpsf2.o)
                              c:\users\emon1\Documents\Atmel Studio\7.0\Feynman_Extension\Feynman_Extension\ArduinoCore\Debug\libArduinoCore.a(Print.o) (__ltsf2)
c:/program files (x86)/atmel/studio/7.0/toolchain/avr8/avr8-gnu-toolchain/bin/../lib/gcc/avr/5.4.0/../../../../avr/lib/avr5\libm.a(divsf3.o)
                              c:\users\emon1\Documents\Atmel Studio\7.0\Feynman_Extension\Feynman_Extension\ArduinoCore\Debug\libArduinoCore.a(Print.o) (__divsf3)
c:/program files (x86)/atmel/studio/7.0/toolchain/avr8/avr8-gnu-toolchain/bin/../lib/gcc/avr/5.4.0/../../../../avr/lib/avr5\libm.a(divsf3x.o)
                              c:/program files (x86)/atmel/studio/7.0/toolchain/avr8/avr8-gnu-toolchain/bin/../lib/gcc/avr/5.4.0/../../../../avr/lib/avr5\libm.a(divsf3.o) (__divsf3x)
c:/program files (x86)/atmel/studio/7.0/toolchain/avr8/avr8-gnu-toolchain/bin/../lib/gcc/avr/5.4.0/../../../../avr/lib/avr5\libm.a(fixunssfsi.o)
                              c:\users\emon1\Documents\Atmel Studio\7.0\Feynman_Extension\Feynman_Extension\ArduinoCore\Debug\libArduinoCore.a(Print.o) (__fixunssfsi)
c:/program files (x86)/atmel/studio/7.0/toolchain/avr8/avr8-gnu-toolchain/bin/../lib/gcc/avr/5.4.0/../../../../avr/lib/avr5\libm.a(floatsisf.o)
                              c:\users\emon1\Documents\Atmel Studio\7.0\Feynman_Extension\Feynman_Extension\ArduinoCore\Debug\libArduinoCore.a(Print.o) (__floatunsisf)
c:/program files (x86)/atmel/studio/7.0/toolchain/avr8/avr8-gnu-toolchain/bin/../lib/gcc/avr/5.4.0/../../../../avr/lib/avr5\libm.a(fp_cmp.o)
                              c:/program files (x86)/atmel/studio/7.0/toolchain/avr8/avr8-gnu-toolchain/bin/../lib/gcc/avr/5.4.0/../../../../avr/lib/avr5\libm.a(cmpsf2.o) (__fp_cmp)
c:/program files (x86)/atmel/studio/7.0/toolchain/avr8/avr8-gnu-toolchain/bin/../lib/gcc/avr/5.4.0/../../../../avr/lib/avr5\libm.a(fp_inf.o)
[...]
Memory Configuration

Name             Origin             Length             Attributes
text             0x00000000         0x00020000         xr
data             0x00800060         0x0000ffa0         rw !x
eeprom           0x00810000         0x00010000         rw !x
fuse             0x00820000         0x00000003         rw !x
lock             0x00830000         0x00000400         rw !x
signature        0x00840000         0x00000400         rw !x
user_signatures  0x00850000         0x00000400         rw !x
*default*        0x00000000         0xffffffff

Linker script and memory map

Address of section .data set to 0x800100
LOAD C:/Program Files (x86)/Atmel/Studio/7.0/Packs/atmel/ATmega_DFP/1.2.132/gcc/dev/atmega328p/avr5/crtatmega328p.o
LOAD Sketch.o
LOAD src/libraries/Servo/src/avr/Servo.o
LOAD src/libraries/Servo/src/nrf52/Servo.o
LOAD src/libraries/Servo/src/samd/Servo.o
LOAD src/libraries/Servo/src/sam/Servo.o
LOAD src/libraries/Servo/src/stm32f4/Servo.o
LOAD src/libraries/Wire/src/utility/twi.o
LOAD src/libraries/Wire/src/Wire.o
START GROUP
LOAD c:/program files (x86)/atmel/studio/7.0/toolchain/avr8/avr8-gnu-toolchain/bin/../lib/gcc/avr/5.4.0/../../../../avr/lib/avr5\libm.a
LOAD c:\users\emon1\Documents\Atmel Studio\7.0\Feynman_Extension\Feynman_Extension\ArduinoCore\Debug\libArduinoCore.a
END GROUP
LOAD c:/program files (x86)/atmel/studio/7.0/toolchain/avr8/avr8-gnu-toolchain/bin/../lib/gcc/avr/5.4.0/avr5\libgcc.a
LOAD c:/program files (x86)/atmel/studio/7.0/toolchain/avr8/avr8-gnu-toolchain/bin/../lib/gcc/avr/5.4.0/../../../../avr/lib/avr5\libm.a
START GROUP
LOAD c:/program files (x86)/atmel/studio/7.0/toolchain/avr8/avr8-gnu-toolchain/bin/../lib/gcc/avr/5.4.0/avr5\libgcc.a
LOAD c:/program files (x86)/atmel/studio/7.0/toolchain/avr8/avr8-gnu-toolchain/bin/../lib/gcc/avr/5.4.0/../../../../avr/lib/avr5\libm.a
LOAD c:/program files (x86)/atmel/studio/7.0/toolchain/avr8/avr8-gnu-toolchain/bin/../lib/gcc/avr/5.4.0/../../../../avr/lib/avr5\libc.a
LOAD C:/Program Files (x86)/Atmel/Studio/7.0/Packs/atmel/ATmega_DFP/1.2.132/gcc/dev/atmega328p/avr5\libatmega328p.a
END GROUP
                0x00020000                __TEXT_REGION_LENGTH__ = DEFINED (__TEXT_REGION_LENGTH__)?__TEXT_REGION_LENGTH__:0x20000
                0x0000ffa0                __DATA_REGION_LENGTH__ = DEFINED (__DATA_REGION_LENGTH__)?__DATA_REGION_LENGTH__:0xffa0
                0x00010000                __EEPROM_REGION_LENGTH__ = DEFINED (__EEPROM_REGION_LENGTH__)?__EEPROM_REGION_LENGTH__:0x10000
                [0x00000003]                __FUSE_REGION_LENGTH__ = DEFINED (__FUSE_REGION_LENGTH__)?__FUSE_REGION_LENGTH__:0x400
                0x00000400                __LOCK_REGION_LENGTH__ = DEFINED (__LOCK_REGION_LENGTH__)?__LOCK_REGION_LENGTH__:0x400
                0x00000400                __SIGNATURE_REGION_LENGTH__ = DEFINED (__SIGNATURE_REGION_LENGTH__)?__SIGNATURE_REGION_LENGTH__:0x400
                0x00000400                __USER_SIGNATURE_REGION_LENGTH__ = DEFINED (__USER_SIGNATURE_REGION_LENGTH__)?__USER_SIGNATURE_REGION_LENGTH__:0x400

.hash
 *(.hash)

.dynsym
 *(.dynsym)

.dynstr
 *(.dynstr)

.gnu.version
 *(.gnu.version)

.gnu.version_d
 *(.gnu.version_d)

.gnu.version_r
 *(.gnu.version_r)

.rel.init
 *(.rel.init)

.rela.init
 *(.rela.init)

.rel.text
 *(.rel.text)
 *(.rel.text.*)
 *(.rel.gnu.linkonce.t*)

.rela.text
 *(.rela.text)
 *(.rela.text.*)
 *(.rela.gnu.linkonce.t*)

.rel.fini
 *(.rel.fini)

.rela.fini
 *(.rela.fini)

.rel.rodata
 *(.rel.rodata)
 *(.rel.rodata.*)
 *(.rel.gnu.linkonce.r*)

.rela.rodata
 *(.rela.rodata)
 *(.rela.rodata.*)
 *(.rela.gnu.linkonce.r*)

.rel.data
 *(.rel.data)
 *(.rel.data.*)
 *(.rel.gnu.linkonce.d*)

.rela.data
 *(.rela.data)
 *(.rela.data.*)
 *(.rela.gnu.linkonce.d*)

.rel.ctors
 *(.rel.ctors)

.rela.ctors
 *(.rela.ctors)

.rel.dtors
 *(.rel.dtors)

.rela.dtors
 *(.rela.dtors)

.rel.got
 *(.rel.got)

.rela.got
 *(.rela.got)

.rel.bss
 *(.rel.bss)

.rela.bss
 *(.rela.bss)

.rel.plt
 *(.rel.plt)

.rela.plt
 *(.rela.plt)

.text           0x00000000     0x1b8c
 *(.vectors)
 .vectors       0x00000000       0x68 C:/Program Files (x86)/Atmel/Studio/7.0/Packs/atmel/ATmega_DFP/1.2.132/gcc/dev/atmega328p/avr5/crtatmega328p.o
                0x00000000                __vector_default
                0x00000000                __vectors
 *(.vectors)
 *(.progmem.gcc*)
                0x00000068                . = ALIGN (0x2)
                0x00000068                __trampolines_start = .
 *(.trampolines)
 .trampolines   0x00000068        0x0 linker stubs
 *(.trampolines*)
                0x00000068                __trampolines_end = .
 *libprintf_flt.a:*(.progmem.data)
 *libc.a:*(.progmem.data)
 *(.progmem*)
 .progmem.data.digital_pin_to_timer_PGM
                0x00000068       0x14 c:\users\emon1\Documents\Atmel Studio\7.0\Feynman_Extension\Feynman_Extension\ArduinoCore\Debug\libArduinoCore.a(wiring_digital.o)
                0x00000068                digital_pin_to_timer_PGM
 .progmem.data.digital_pin_to_bit_mask_PGM
                0x0000007c       0x14 c:\users\emon1\Documents\Atmel Studio\7.0\Feynman_Extension\Feynman_Extension\ArduinoCore\Debug\libArduinoCore.a(wiring_digital.o)
                0x0000007c                digital_pin_to_bit_mask_PGM
 .progmem.data.digital_pin_to_port_PGM
                0x00000090       0x14 c:\users\emon1\Documents\Atmel Studio\7.0\Feynman_Extension\Feynman_Extension\ArduinoCore\Debug\libArduinoCore.a(wiring_digital.o)
                0x00000090                digital_pin_to_port_PGM
 .progmem.data.port_to_output_PGM
                0x000000a4        0xa c:\users\emon1\Documents\Atmel Studio\7.0\Feynman_Extension\Feynman_Extension\ArduinoCore\Debug\libArduinoCore.a(wiring_digital.o)
                0x000000a4                port_to_output_PGM
 .progmem.data.port_to_mode_PGM
                0x000000ae        0xa c:\users\emon1\Documents\Atmel Studio\7.0\Feynman_Extension\Feynman_Extension\ArduinoCore\Debug\libArduinoCore.a(wiring_digital.o)
                0x000000ae                port_to_mode_PGM
                0x000000b8                . = ALIGN (0x2)
 *(.jumptables)
 *(.jumptables*)
 *(.lowtext)
 *(.lowtext*)
                0x000000b8                __ctors_start = .
 *(.ctors)
 .ctors         0x000000b8        0x2 Sketch.o
 .ctors         0x000000ba        0x2 src/libraries/Wire/src/Wire.o
 .ctors         0x000000bc        0x2 c:\users\emon1\Documents\Atmel Studio\7.0\Feynman_Extension\Feynman_Extension\ArduinoCore\Debug\libArduinoCore.a(HardwareSerial0.o)
                0x000000be                __ctors_end = .
                0x000000be                __dtors_start = .
 *(.dtors)
                0x000000be                __dtors_end = .
 SORT(*)(.ctors)
 SORT(*)(.dtors)
 *(.init0)
 .init0         0x000000be        0x0 C:/Program Files (x86)/Atmel/Studio/7.0/Packs/atmel/ATmega_DFP/1.2.132/gcc/dev/atmega328p/avr5/crtatmega328p.o
                0x000000be                __init
 *(.init0)
 *(.init1)
 *(.init1)
 *(.init2)
 .init2         0x000000be        0xc C:/Program Files (x86)/Atmel/Studio/7.0/Packs/atmel/ATmega_DFP/1.2.132/gcc/dev/atmega328p/avr5/crtatmega328p.o
 *(.init2)
 *(.init3)
 *(.init3)
 *(.init4)
 .init4         0x000000ca       0x16 c:/program files (x86)/atmel/studio/7.0/toolchain/avr8/avr8-gnu-toolchain/bin/../lib/gcc/avr/5.4.0/avr5\libgcc.a(_copy_data.o)
                0x000000ca                __do_copy_data
 .init4         0x000000e0       0x10 c:/program files (x86)/atmel/studio/7.0/toolchain/avr8/avr8-gnu-toolchain/bin/../lib/gcc/avr/5.4.0/avr5\libgcc.a(_clear_bss.o)
                0x000000e0                __do_clear_bss
 *(.init4)
 *(.init5)
 *(.init5)
 *(.init6)
 .init6         0x000000f0       0x16 c:/program files (x86)/atmel/studio/7.0/toolchain/avr8/avr8-gnu-toolchain/bin/../lib/gcc/avr/5.4.0/avr5\libgcc.a(_ctors.o)
                0x000000f0                __do_global_ctors
 *(.init6)
 *(.init7)
 *(.init7)
 *(.init8)
 *(.init8)
 *(.init9)
 .init9         0x00000106        0x8 C:/Program Files (x86)/Atmel/Studio/7.0/Packs/atmel/ATmega_DFP/1.2.132/gcc/dev/atmega328p/avr5/crtatmega328p.o
 *(.init9)
 *(.text)
 .text          0x0000010e        0x4 C:/Program Files (x86)/Atmel/Studio/7.0/Packs/atmel/ATmega_DFP/1.2.132/gcc/dev/atmega328p/avr5/crtatmega328p.o
                0x0000010e                __vector_22
                0x0000010e                __vector_1
                0x0000010e                __vector_12
                0x0000010e                __bad_interrupt
                0x0000010e                __vector_6
                0x0000010e                __vector_3
                0x0000010e                __vector_23
                0x0000010e                __vector_25
                0x0000010e                __vector_13
                0x0000010e                __vector_17
                0x0000010e                __vector_7
                0x0000010e                __vector_5
                0x0000010e                __vector_4
                0x0000010e                __vector_9
                0x0000010e                __vector_2
                0x0000010e                __vector_21
                0x0000010e                __vector_15
                0x0000010e                __vector_8
                0x0000010e                __vector_14
                0x0000010e                __vector_10
                0x0000010e                __vector_20
                0x00000112                . = ALIGN (0x2)
 *(.text.*)
 .text._Z15command_handlerPPci
                0x00000112      0x17e Sketch.o
                0x00000112                _Z15command_handlerPPci
 .text._Z21command_parse_executePc
                0x00000290       0x82 Sketch.o
                0x00000290                _Z21command_parse_executePc
 .text.setup    0x00000312       0xaa Sketch.o
                0x00000312                setup
 .text.loop     0x000003bc      0x36a Sketch.o
                0x000003bc                loop
 .text.startup._GLOBAL__sub_I_cctvPitchServo
                0x00000726       0x32 Sketch.o
 .text._Z12receiveEventi
                0x00000758       0x5e Sketch.o
                0x00000758                _Z12receiveEventi
 .text.__vector_11
                0x000007b6      0x182 src/libraries/Servo/src/avr/Servo.o
                0x000007b6                __vector_11
 .text._ZN5ServoC2Ev
                0x00000938       0x38 src/libraries/Servo/src/avr/Servo.o
                0x00000938                _ZN5ServoC1Ev
                0x00000938                _ZN5ServoC2Ev
 .text._ZN5Servo6attachEiii
                0x00000970      0x100 src/libraries/Servo/src/avr/Servo.o
                0x00000970                _ZN5Servo6attachEiii
 .text._ZN5Servo6attachEi
                0x00000a70        0xc src/libraries/Servo/src/avr/Servo.o
                0x00000a70                _ZN5Servo6attachEi
 .text._ZN5Servo17writeMicrosecondsEi
                0x00000a7c       0x6c src/libraries/Servo/src/avr/Servo.o
                0x00000a7c                _ZN5Servo17writeMicrosecondsEi
 .text._ZN5Servo5writeEi
                0x00000ae8       0xb8 src/libraries/Servo/src/avr/Servo.o
                0x00000ae8                _ZN5Servo5writeEi
 .text.twi_init
                0x00000ba0       0x3c src/libraries/Wire/src/utility/twi.o
                0x00000ba0                twi_init
 .text.twi_setAddress
                0x00000bdc        0x8 src/libraries/Wire/src/utility/twi.o
                0x00000bdc                twi_setAddress
 .text.twi_transmit
                0x00000be4       0x50 src/libraries/Wire/src/utility/twi.o
                0x00000be4                twi_transmit
 .text.twi_attachSlaveRxEvent
                0x00000c34        0xa src/libraries/Wire/src/utility/twi.o
                0x00000c34                twi_attachSlaveRxEvent
 .text.twi_attachSlaveTxEvent
                0x00000c3e        0xa src/libraries/Wire/src/utility/twi.o
                0x00000c3e                twi_attachSlaveTxEvent
 .text.twi_stop
                0x00000c48       0x14 src/libraries/Wire/src/utility/twi.o
                0x00000c48                twi_stop
 .text.twi_releaseBus
                0x00000c5c        0xc src/libraries/Wire/src/utility/twi.o
                0x00000c5c                twi_releaseBus
 .text.__vector_24
                0x00000c68      0x25a src/libraries/Wire/src/utility/twi.o
                0x00000c68                __vector_24
 .text._ZN7TwoWire9availableEv
                0x00000ec2       0x10 src/libraries/Wire/src/Wire.o
                0x00000ec2                _ZN7TwoWire9availableEv
 .text._ZN7TwoWire4readEv
                0x00000ed2       0x28 src/libraries/Wire/src/Wire.o
                0x00000ed2                _ZN7TwoWire4readEv
 .text._ZN7TwoWire4peekEv
                0x00000efa       0x1e src/libraries/Wire/src/Wire.o
                0x00000efa                _ZN7TwoWire4peekEv
 .text._ZN7TwoWire5flushEv
                0x00000f18        0x2 src/libraries/Wire/src/Wire.o
                0x00000f18                _ZN7TwoWire5flushEv
 .text._ZN7TwoWire16onReceiveServiceEPhi
                0x00000f1a       0x54 src/libraries/Wire/src/Wire.o
                0x00000f1a                _ZN7TwoWire16onReceiveServiceEPhi
 .text._ZN7TwoWire16onRequestServiceEv
                0x00000f6e       0x18 src/libraries/Wire/src/Wire.o
                0x00000f6e                _ZN7TwoWire16onRequestServiceEv
 .text._ZN7TwoWire5writeEPKhj
                0x00000f86       0x5a src/libraries/Wire/src/Wire.o
                0x00000f86                _ZN7TwoWire5writeEPKhj
 .text._ZN7TwoWire5writeEh
                0x00000fe0       0x5e src/libraries/Wire/src/Wire.o
                0x00000fe0                _ZN7TwoWire5writeEh
 .text._ZN7TwoWireC2Ev
                0x0000103e       0x20 src/libraries/Wire/src/Wire.o
                0x0000103e                _ZN7TwoWireC1Ev
                0x0000103e                _ZN7TwoWireC2Ev
 .text._ZN7TwoWire5beginEv
                0x0000105e       0x14 src/libraries/Wire/src/Wire.o
                0x0000105e                _ZN7TwoWire5beginEv
 .text._ZN7TwoWire5beginEh
                0x00001072       0x26 src/libraries/Wire/src/Wire.o
                0x00001072                _ZN7TwoWire5beginEh
 .text._ZN7TwoWire5beginEi
                0x00001098        0x4 src/libraries/Wire/src/Wire.o
                0x00001098                _ZN7TwoWire5beginEi
 .text._ZN7TwoWire9onReceiveEPFviE
                0x0000109c        0xa src/libraries/Wire/src/Wire.o
                0x0000109c                _ZN7TwoWire9onReceiveEPFviE
 .text.startup._GLOBAL__sub_I__ZN7TwoWire8rxBufferE
                0x000010a6        0x8 src/libraries/Wire/src/Wire.o
 .text._ZN14HardwareSerial9availableEv
                0x000010ae       0x18 c:\users\emon1\Documents\Atmel Studio\7.0\Feynman_Extension\Feynman_Extension\ArduinoCore\Debug\libArduinoCore.a(HardwareSerial.o)
                0x000010ae                _ZN14HardwareSerial9availableEv
 .text._ZN14HardwareSerial4peekEv
                0x000010c6       0x1c c:\users\emon1\Documents\Atmel Studio\7.0\Feynman_Extension\Feynman_Extension\ArduinoCore\Debug\libArduinoCore.a(HardwareSerial.o)
                0x000010c6                _ZN14HardwareSerial4peekEv
 .text._ZN14HardwareSerial4readEv
                0x000010e2       0x28 c:\users\emon1\Documents\Atmel Studio\7.0\Feynman_Extension\Feynman_Extension\ArduinoCore\Debug\libArduinoCore.a(HardwareSerial.o)
                0x000010e2                _ZN14HardwareSerial4readEv
 .text._Z14serialEventRunv
                0x0000110a       0x1c c:\users\emon1\Documents\Atmel Studio\7.0\Feynman_Extension\Feynman_Extension\ArduinoCore\Debug\libArduinoCore.a(HardwareSerial.o)
                0x0000110a                _Z14serialEventRunv
 .text._ZN14HardwareSerial17_tx_udr_empty_irqEv
                0x00001126       0x42 c:\users\emon1\Documents\Atmel Studio\7.0\Feynman_Extension\Feynman_Extension\ArduinoCore\Debug\libArduinoCore.a(HardwareSerial.o)
                0x00001126                _ZN14HardwareSerial17_tx_udr_empty_irqEv
 .text._ZN14HardwareSerial5writeEh
                0x00001168       0x8e c:\users\emon1\Documents\Atmel Studio\7.0\Feynman_Extension\Feynman_Extension\ArduinoCore\Debug\libArduinoCore.a(HardwareSerial.o)
                0x00001168                _ZN14HardwareSerial5writeEh
 .text._ZN14HardwareSerial5flushEv
                0x000011f6       0x44 c:\users\emon1\Documents\Atmel Studio\7.0\Feynman_Extension\Feynman_Extension\ArduinoCore\Debug\libArduinoCore.a(HardwareSerial.o)
                0x000011f6                _ZN14HardwareSerial5flushEv
 .text._ZN14HardwareSerial5beginEmh
                0x0000123a       0xca c:\users\emon1\Documents\Atmel Studio\7.0\Feynman_Extension\Feynman_Extension\ArduinoCore\Debug\libArduinoCore.a(HardwareSerial.o)
                0x0000123a                _ZN14HardwareSerial5beginEmh
 .text.__vector_18
                0x00001304       0x64 c:\users\emon1\Documents\Atmel Studio\7.0\Feynman_Extension\Feynman_Extension\ArduinoCore\Debug\libArduinoCore.a(HardwareSerial0.o)
                0x00001304                __vector_18
 .text.__vector_19
                0x00001368       0x4c c:\users\emon1\Documents\Atmel Studio\7.0\Feynman_Extension\Feynman_Extension\ArduinoCore\Debug\libArduinoCore.a(HardwareSerial0.o)
                0x00001368                __vector_19
 .text._Z17Serial0_availablev
                0x000013b4       0x14 c:\users\emon1\Documents\Atmel Studio\7.0\Feynman_Extension\Feynman_Extension\ArduinoCore\Debug\libArduinoCore.a(HardwareSerial0.o)
                0x000013b4                _Z17Serial0_availablev
 .text.startup._GLOBAL__sub_I___vector_18
                0x000013c8       0x5a c:\users\emon1\Documents\Atmel Studio\7.0\Feynman_Extension\Feynman_Extension\ArduinoCore\Debug\libArduinoCore.a(HardwareSerial0.o)
 .text.initVariant
                0x00001422        0x2 c:\users\emon1\Documents\Atmel Studio\7.0\Feynman_Extension\Feynman_Extension\ArduinoCore\Debug\libArduinoCore.a(main.o)
                0x00001422                initVariant
 .text.startup.main
                0x00001424       0x1e c:\users\emon1\Documents\Atmel Studio\7.0\Feynman_Extension\Feynman_Extension\ArduinoCore\Debug\libArduinoCore.a(main.o)
                0x00001424                main
 .text._ZN5Print5writeEPKhj
                0x00001442       0x54 c:\users\emon1\Documents\Atmel Studio\7.0\Feynman_Extension\Feynman_Extension\ArduinoCore\Debug\libArduinoCore.a(Print.o)
                0x00001442                _ZN5Print5writeEPKhj
 .text._ZN5Print5writeEPKc
                0x00001496       0x2a c:\users\emon1\Documents\Atmel Studio\7.0\Feynman_Extension\Feynman_Extension\ArduinoCore\Debug\libArduinoCore.a(Print.o)
                0x00001496                _ZN5Print5writeEPKc
 .text._ZN5Print5printEc
                0x000014c0        0xe c:\users\emon1\Documents\Atmel Studio\7.0\Feynman_Extension\Feynman_Extension\ArduinoCore\Debug\libArduinoCore.a(Print.o)
                0x000014c0                _ZN5Print5printEc
 .text._ZN5Print7printlnEv
                0x000014ce        0x8 c:\users\emon1\Documents\Atmel Studio\7.0\Feynman_Extension\Feynman_Extension\ArduinoCore\Debug\libArduinoCore.a(Print.o)
                0x000014ce                _ZN5Print7printlnEv
 .text._ZN5Print7printlnEPKc
                0x000014d6       0x24 c:\users\emon1\Documents\Atmel Studio\7.0\Feynman_Extension\Feynman_Extension\ArduinoCore\Debug\libArduinoCore.a(Print.o)
                0x000014d6                _ZN5Print7printlnEPKc
 .text._ZN5Print11printNumberEmh
                0x000014fa       0x92 c:\users\emon1\Documents\Atmel Studio\7.0\Feynman_Extension\Feynman_Extension\ArduinoCore\Debug\libArduinoCore.a(Print.o)
                0x000014fa                _ZN5Print11printNumberEmh
 .text._ZN5Print5printEli
                0x0000158c       0x90 c:\users\emon1\Documents\Atmel Studio\7.0\Feynman_Extension\Feynman_Extension\ArduinoCore\Debug\libArduinoCore.a(Print.o)
                0x0000158c                _ZN5Print5printEli
 .text._ZN5Print5printEii
                0x0000161c        0xe c:\users\emon1\Documents\Atmel Studio\7.0\Feynman_Extension\Feynman_Extension\ArduinoCore\Debug\libArduinoCore.a(Print.o)
                0x0000161c                _ZN5Print5printEii
 .text._ZN5Print7printlnEii
                0x0000162a       0x24 c:\users\emon1\Documents\Atmel Studio\7.0\Feynman_Extension\Feynman_Extension\ArduinoCore\Debug\libArduinoCore.a(Print.o)
                0x0000162a                _ZN5Print7printlnEii
 .text.__vector_16
                0x0000164e       0x94 c:\users\emon1\Documents\Atmel Studio\7.0\Feynman_Extension\Feynman_Extension\ArduinoCore\Debug\libArduinoCore.a(wiring.o)
                0x0000164e                __vector_16
 .text.millis   0x000016e2       0x18 c:\users\emon1\Documents\Atmel Studio\7.0\Feynman_Extension\Feynman_Extension\ArduinoCore\Debug\libArduinoCore.a(wiring.o)
                0x000016e2                millis
 .text.init     0x000016fa       0x76 c:\users\emon1\Documents\Atmel Studio\7.0\Feynman_Extension\Feynman_Extension\ArduinoCore\Debug\libArduinoCore.a(wiring.o)
                0x000016fa                init
 .text.analogWrite
                0x00001770       0xbe c:\users\emon1\Documents\Atmel Studio\7.0\Feynman_Extension\Feynman_Extension\ArduinoCore\Debug\libArduinoCore.a(wiring_analog.o)
                0x00001770                analogWrite
 .text.turnOffPWM
                0x0000182e       0x52 c:\users\emon1\Documents\Atmel Studio\7.0\Feynman_Extension\Feynman_Extension\ArduinoCore\Debug\libArduinoCore.a(wiring_digital.o)
 .text.pinMode  0x00001880       0x78 c:\users\emon1\Documents\Atmel Studio\7.0\Feynman_Extension\Feynman_Extension\ArduinoCore\Debug\libArduinoCore.a(wiring_digital.o)
                0x00001880                pinMode
 .text.digitalWrite
                0x000018f8       0x5e c:\users\emon1\Documents\Atmel Studio\7.0\Feynman_Extension\Feynman_Extension\ArduinoCore\Debug\libArduinoCore.a(wiring_digital.o)
                0x000018f8                digitalWrite
 .text._Z3maplllll
                0x00001956       0x82 c:\users\emon1\Documents\Atmel Studio\7.0\Feynman_Extension\Feynman_Extension\ArduinoCore\Debug\libArduinoCore.a(WMath.o)
                0x00001956                _Z3maplllll
 .text.libgcc.mul
                0x000019d8       0x20 c:/program files (x86)/atmel/studio/7.0/toolchain/avr8/avr8-gnu-toolchain/bin/../lib/gcc/avr/5.4.0/avr5\libgcc.a(_mulsi3.o)
                0x000019d8                __mulsi3
 .text.libgcc.div
                0x000019f8       0x18 c:/program files (x86)/atmel/studio/7.0/toolchain/avr8/avr8-gnu-toolchain/bin/../lib/gcc/avr/5.4.0/avr5\libgcc.a(_udivmodqi4.o)
                0x000019f8                __udivmodqi4
 .text.libgcc.div
                0x00001a10       0x44 c:/program files (x86)/atmel/studio/7.0/toolchain/avr8/avr8-gnu-toolchain/bin/../lib/gcc/avr/5.4.0/avr5\libgcc.a(_udivmodsi4.o)
                0x00001a10                __udivmodsi4
 .text.libgcc.div
                0x00001a54       0x2e c:/program files (x86)/atmel/studio/7.0/toolchain/avr8/avr8-gnu-toolchain/bin/../lib/gcc/avr/5.4.0/avr5\libgcc.a(_divmodsi4.o)
                0x00001a54                __divmodsi4
 .text.libgcc.div
                0x00001a82       0x10 c:/program files (x86)/atmel/studio/7.0/toolchain/avr8/avr8-gnu-toolchain/bin/../lib/gcc/avr/5.4.0/avr5\libgcc.a(_negsi2.o)
                0x00001a82                __negsi2
 .text.libgcc.mul
                0x00001a92       0x16 c:/program files (x86)/atmel/studio/7.0/toolchain/avr8/avr8-gnu-toolchain/bin/../lib/gcc/avr/5.4.0/avr5\libgcc.a(_muluhisi3.o)
                0x00001a92                __muluhisi3
 .text.libgcc   0x00001aa8        0xc c:/program files (x86)/atmel/studio/7.0/toolchain/avr8/avr8-gnu-toolchain/bin/../lib/gcc/avr/5.4.0/avr5\libgcc.a(_tablejump2.o)
                0x00001aa8                __tablejump2__
 .text.libgcc.mul
                0x00001ab4       0x1e c:/program files (x86)/atmel/studio/7.0/toolchain/avr8/avr8-gnu-toolchain/bin/../lib/gcc/avr/5.4.0/avr5\libgcc.a(_umulhisi3.o)
                0x00001ab4                __umulhisi3
 .text.avr-libc
                0x00001ad2       0x3c c:/program files (x86)/atmel/studio/7.0/toolchain/avr8/avr8-gnu-toolchain/bin/../lib/gcc/avr/5.4.0/../../../../avr/lib/avr5\libc.a(atoi.o)
                0x00001ad2                atoi
 .text.avr-libc
                0x00001b0e        0xa c:/program files (x86)/atmel/studio/7.0/toolchain/avr8/avr8-gnu-toolchain/bin/../lib/gcc/avr/5.4.0/../../../../avr/lib/avr5\libc.a(strtok.o)
                0x00001b0e                strtok
 .text.avr-libc
                0x00001b18       0x12 c:/program files (x86)/atmel/studio/7.0/toolchain/avr8/avr8-gnu-toolchain/bin/../lib/gcc/avr/5.4.0/../../../../avr/lib/avr5\libc.a(strcmp.o)
                0x00001b18                strcmp
 .text.avr-libc
                0x00001b2a       0x4e c:/program files (x86)/atmel/studio/7.0/toolchain/avr8/avr8-gnu-toolchain/bin/../lib/gcc/avr/5.4.0/../../../../avr/lib/avr5\libc.a(strtok_r.o)
                0x00001b2a                strtok_r
 .text.avr-libc
                0x00001b78       0x10 c:/program files (x86)/atmel/studio/7.0/toolchain/avr8/avr8-gnu-toolchain/bin/../lib/gcc/avr/5.4.0/../../../../avr/lib/avr5\libc.a(mul10.o)
                0x00001b78                __mulhi_const_10
                0x00001b88                . = ALIGN (0x2)
 *(.fini9)
 .fini9         0x00001b88        0x0 c:/program files (x86)/atmel/studio/7.0/toolchain/avr8/avr8-gnu-toolchain/bin/../lib/gcc/avr/5.4.0/avr5\libgcc.a(_exit.o)
                0x00001b88                _exit
                0x00001b88                exit
 *(.fini9)
 *(.fini8)
 *(.fini8)
 *(.fini7)
 *(.fini7)
 *(.fini6)
 *(.fini6)
 *(.fini5)
 *(.fini5)
 *(.fini4)
 *(.fini4)
 *(.fini3)
 *(.fini3)
 *(.fini2)
 *(.fini2)
 *(.fini1)
 *(.fini1)
 *(.fini0)
 .fini0         0x00001b88        0x4 c:/program files (x86)/atmel/studio/7.0/toolchain/avr8/avr8-gnu-toolchain/bin/../lib/gcc/avr/5.4.0/avr5\libgcc.a(_exit.o)
 *(.fini0)
                0x00001b8c                _etext = .

.data           0x00800100       0x6e load address 0x00001b8c
                0x00800100                PROVIDE (__data_start, .)
 *(.data)
 *(.data*)
 .data.beep_rate_ms
                0x00800100        0x2 Sketch.o
                0x00800100                beep_rate_ms
 .data.beep_times
                0x00800102        0x2 Sketch.o
                0x00800102                beep_times
 .data.servo_yaw_pos
                0x00800104        0x2 Sketch.o
                0x00800104                servo_yaw_pos
 .data.servo_pitch_pos
                0x00800106        0x2 Sketch.o
                0x00800106                servo_pitch_pos
 .data.servo_speed
                0x00800108        0x2 Sketch.o
                0x00800108                servo_speed
 *(.rodata)
 *(.rodata*)
 .rodata.str1.1
                0x0080010a       0x34 Sketch.o
 .rodata._ZTV7TwoWire
                0x0080013e       0x10 src/libraries/Wire/src/Wire.o
                0x0080013e                _ZTV7TwoWire
 .rodata._ZTV14HardwareSerial
                0x0080014e       0x10 c:\users\emon1\Documents\Atmel Studio\7.0\Feynman_Extension\Feynman_Extension\ArduinoCore\Debug\libArduinoCore.a(HardwareSerial.o)
                0x0080014e                _ZTV14HardwareSerial
 .rodata.str1.1
                0x0080015e        0xf c:\users\emon1\Documents\Atmel Studio\7.0\Feynman_Extension\Feynman_Extension\ArduinoCore\Debug\libArduinoCore.a(Print.o)
 *(.gnu.linkonce.d*)
                0x0080016e                . = ALIGN (0x2)
 *fill*         0x0080016d        0x1 
                0x0080016e                _edata = .
                0x0080016e                PROVIDE (__data_end, .)

.bss            0x0080016e      0x1f0
                0x0080016e                PROVIDE (__bss_start, .)
 *(.bss)
 .bss           0x0080016e        0x2 c:/program files (x86)/atmel/studio/7.0/toolchain/avr8/avr8-gnu-toolchain/bin/../lib/gcc/avr/5.4.0/../../../../avr/lib/avr5\libc.a(strtok.o)
 *(.bss*)
 .bss.ledstateupdate_flag
                0x00800170        0x1 Sketch.o
                0x00800170                ledstateupdate_flag
 .bss.led3state
                0x00800171        0x1 Sketch.o
                0x00800171                led3state
 .bss.led2state
                0x00800172        0x1 Sketch.o
                0x00800172                led2state
 .bss.led1state
                0x00800173        0x1 Sketch.o
                0x00800173                led1state
 .bss.beep_state
                0x00800174        0x1 Sketch.o
                0x00800174                beep_state
 .bss.beep_request
                0x00800175        0x1 Sketch.o
                0x00800175                beep_request
 .bss.beep_timer
                0x00800176        0x4 Sketch.o
                0x00800176                beep_timer
 .bss.cctv_yaw_timer
                0x0080017a        0x4 Sketch.o
                0x0080017a                cctv_yaw_timer
 .bss.cctv_pitch_timer
                0x0080017e        0x4 Sketch.o
                0x0080017e                cctv_pitch_timer
 .bss.servo_pos_update_flag
                0x00800182        0x1 Sketch.o
                0x00800182                servo_pos_update_flag
 .bss.servo_yaw_pos_last
                0x00800183        0x2 Sketch.o
                0x00800183                servo_yaw_pos_last
 .bss.servo_pitch_pos_last
                0x00800185        0x2 Sketch.o
                0x00800185                servo_pitch_pos_last
 .bss.process_it
                0x00800187        0x1 Sketch.o
                0x00800187                process_it
 .bss.pos       0x00800188        0x1 Sketch.o
                0x00800188                pos
 .bss.buf       0x00800189       0x40 Sketch.o
                0x00800189                buf
 .bss.cctvYawServo
                0x008001c9        0x3 Sketch.o
                0x008001c9                cctvYawServo
 .bss.cctvPitchServo
                0x008001cc        0x3 Sketch.o
                0x008001cc                cctvPitchServo
 .bss.ServoCount
                0x008001cf        0x1 src/libraries/Servo/src/avr/Servo.o
                0x008001cf                ServoCount
 .bss._ZL7Channel
                0x008001d0        0x1 src/libraries/Servo/src/avr/Servo.o
 .bss._ZL6servos
                0x008001d1       0x24 src/libraries/Servo/src/avr/Servo.o
 .bss.twi_error
                0x008001f5        0x1 src/libraries/Wire/src/utility/twi.o
 .bss.twi_rxBufferIndex
                0x008001f6        0x1 src/libraries/Wire/src/utility/twi.o
 .bss.twi_rxBuffer
                0x008001f7       0x20 src/libraries/Wire/src/utility/twi.o
 .bss.twi_txBufferLength
                0x00800217        0x1 src/libraries/Wire/src/utility/twi.o
 .bss.twi_txBufferIndex
                0x00800218        0x1 src/libraries/Wire/src/utility/twi.o
 .bss.twi_txBuffer
                0x00800219       0x20 src/libraries/Wire/src/utility/twi.o
 .bss.twi_masterBufferLength
                0x00800239        0x1 src/libraries/Wire/src/utility/twi.o
 .bss.twi_masterBufferIndex
                0x0080023a        0x1 src/libraries/Wire/src/utility/twi.o
 .bss.twi_masterBuffer
                0x0080023b       0x20 src/libraries/Wire/src/utility/twi.o
 .bss.twi_onSlaveReceive
                0x0080025b        0x2 src/libraries/Wire/src/utility/twi.o
 .bss.twi_onSlaveTransmit
                0x0080025d        0x2 src/libraries/Wire/src/utility/twi.o
 .bss.twi_inRepStart
                0x0080025f        0x1 src/libraries/Wire/src/utility/twi.o
 .bss.twi_sendStop
                0x00800260        0x1 src/libraries/Wire/src/utility/twi.o
 .bss.twi_slarw
                0x00800261        0x1 src/libraries/Wire/src/utility/twi.o
 .bss.twi_state
                0x00800262        0x1 src/libraries/Wire/src/utility/twi.o
 .bss.Wire      0x00800263        0xc src/libraries/Wire/src/Wire.o
                0x00800263                Wire
 .bss._ZN7TwoWire14user_onReceiveE
                0x0080026f        0x2 src/libraries/Wire/src/Wire.o
                0x0080026f                _ZN7TwoWire14user_onReceiveE
 .bss._ZN7TwoWire14user_onRequestE
                0x00800271        0x2 src/libraries/Wire/src/Wire.o
                0x00800271                _ZN7TwoWire14user_onRequestE
 .bss._ZN7TwoWire12transmittingE
                0x00800273        0x1 src/libraries/Wire/src/Wire.o
                0x00800273                _ZN7TwoWire12transmittingE
 .bss._ZN7TwoWire14txBufferLengthE
                0x00800274        0x1 src/libraries/Wire/src/Wire.o
                0x00800274                _ZN7TwoWire14txBufferLengthE
 .bss._ZN7TwoWire13txBufferIndexE
                0x00800275        0x1 src/libraries/Wire/src/Wire.o
                0x00800275                _ZN7TwoWire13txBufferIndexE
 .bss._ZN7TwoWire8txBufferE
                0x00800276       0x20 src/libraries/Wire/src/Wire.o
                0x00800276                _ZN7TwoWire8txBufferE
 .bss._ZN7TwoWire14rxBufferLengthE
                0x00800296        0x1 src/libraries/Wire/src/Wire.o
                0x00800296                _ZN7TwoWire14rxBufferLengthE
 .bss._ZN7TwoWire13rxBufferIndexE
                0x00800297        0x1 src/libraries/Wire/src/Wire.o
                0x00800297                _ZN7TwoWire13rxBufferIndexE
 .bss._ZN7TwoWire8rxBufferE
                0x00800298       0x20 src/libraries/Wire/src/Wire.o
                0x00800298                _ZN7TwoWire8rxBufferE
 .bss.Serial    0x008002b8       0x9d c:\users\emon1\Documents\Atmel Studio\7.0\Feynman_Extension\Feynman_Extension\ArduinoCore\Debug\libArduinoCore.a(HardwareSerial0.o)
                0x008002b8                Serial
 .bss.timer0_fract
                0x00800355        0x1 c:\users\emon1\Documents\Atmel Studio\7.0\Feynman_Extension\Feynman_Extension\ArduinoCore\Debug\libArduinoCore.a(wiring.o)
 .bss.timer0_millis
                0x00800356        0x4 c:\users\emon1\Documents\Atmel Studio\7.0\Feynman_Extension\Feynman_Extension\ArduinoCore\Debug\libArduinoCore.a(wiring.o)
                0x00800356                timer0_millis
 .bss.timer0_overflow_count
                0x0080035a        0x4 c:\users\emon1\Documents\Atmel Studio\7.0\Feynman_Extension\Feynman_Extension\ArduinoCore\Debug\libArduinoCore.a(wiring.o)
                0x0080035a                timer0_overflow_count
 *(COMMON)
                0x0080035e                PROVIDE (__bss_end, .)
                0x00001b8c                __data_load_start = LOADADDR (.data)
                0x00001bfa                __data_load_end = (__data_load_start + SIZEOF (.data))

.noinit         0x0080035e        0x0
                [!provide]                PROVIDE (__noinit_start, .)
 *(.noinit*)
                [!provide]                PROVIDE (__noinit_end, .)
                0x0080035e                _end = .
                [!provide]                PROVIDE (__heap_start, .)

.eeprom         0x00810000        0x0
 *(.eeprom*)
                0x00810000                __eeprom_end = .

.fuse
 *(.fuse)
 *(.lfuse)
 *(.hfuse)
 *(.efuse)

.lock
 *(.lock*)

.signature
 *(.signature*)

.user_signatures
 *(.user_signatures*)

.stab
 *(.stab)

.stabstr
 *(.stabstr)

.stab.excl
 *(.stab.excl)

.stab.exclstr
 *(.stab.exclstr)

.stab.index
 *(.stab.index)

.stab.indexstr
 *(.stab.indexstr)

.comment        0x00000000       0x30
 *(.comment)
 .comment       0x00000000       0x30 Sketch.o
                                 0x31 (size before relaxing)
 .comment       0x00000030       0x31 src/libraries/Servo/src/avr/Servo.o
 .comment       0x00000030       0x31 src/libraries/Wire/src/utility/twi.o
 .comment       0x00000030       0x31 src/libraries/Wire/src/Wire.o
 .comment       0x00000030       0x31 c:\users\emon1\Documents\Atmel Studio\7.0\Feynman_Extension\Feynman_Extension\ArduinoCore\Debug\libArduinoCore.a(HardwareSerial.o)
 .comment       0x00000030       0x31 c:\users\emon1\Documents\Atmel Studio\7.0\Feynman_Extension\Feynman_Extension\ArduinoCore\Debug\libArduinoCore.a(HardwareSerial0.o)
 .comment       0x00000030       0x31 c:\users\emon1\Documents\Atmel Studio\7.0\Feynman_Extension\Feynman_Extension\ArduinoCore\Debug\libArduinoCore.a(main.o)
 .comment       0x00000030       0x31 c:\users\emon1\Documents\Atmel Studio\7.0\Feynman_Extension\Feynman_Extension\ArduinoCore\Debug\libArduinoCore.a(Print.o)
 .comment       0x00000030       0x31 c:\users\emon1\Documents\Atmel Studio\7.0\Feynman_Extension\Feynman_Extension\ArduinoCore\Debug\libArduinoCore.a(wiring.o)
 .comment       0x00000030       0x31 c:\users\emon1\Documents\Atmel Studio\7.0\Feynman_Extension\Feynman_Extension\ArduinoCore\Debug\libArduinoCore.a(wiring_analog.o)
 .comment       0x00000030       0x31 c:\users\emon1\Documents\Atmel Studio\7.0\Feynman_Extension\Feynman_Extension\ArduinoCore\Debug\libArduinoCore.a(wiring_digital.o)
 .comment       0x00000030       0x31 c:\users\emon1\Documents\Atmel Studio\7.0\Feynman_Extension\Feynman_Extension\ArduinoCore\Debug\libArduinoCore.a(WMath.o)
 .comment       0x00000030       0x31 c:/program files (x86)/atmel/studio/7.0/toolchain/avr8/avr8-gnu-toolchain/bin/../lib/gcc/avr/5.4.0/../../../../avr/lib/avr5\libc.a(strtok.o)

.note.gnu.avr.deviceinfo
                0x00000000       0x40
 .note.gnu.avr.deviceinfo
                0x00000000       0x40 C:/Program Files (x86)/Atmel/Studio/7.0/Packs/atmel/ATmega_DFP/1.2.132/gcc/dev/atmega328p/avr5/crtatmega328p.o

.note.gnu.build-id
 *(.note.gnu.build-id)

.debug
 *(.debug)

.line
 *(.line)

.debug_srcinfo
 *(.debug_srcinfo)

.debug_sfnames
 *(.debug_sfnames)

.debug_aranges  0x00000000      0x4d0
 *(.debug_aranges)
 .debug_aranges
                0x00000000       0x48 Sketch.o
 .debug_aranges
                0x00000048       0x68 src/libraries/Servo/src/avr/Servo.o
 .debug_aranges
                0x000000b0       0x80 src/libraries/Wire/src/utility/twi.o
 .debug_aranges
                0x00000130       0xe8 src/libraries/Wire/src/Wire.o
 .debug_aranges
                0x00000218       0x68 c:\users\emon1\Documents\Atmel Studio\7.0\Feynman_Extension\Feynman_Extension\ArduinoCore\Debug\libArduinoCore.a(HardwareSerial.o)
 .debug_aranges
                0x00000280       0x38 c:\users\emon1\Documents\Atmel Studio\7.0\Feynman_Extension\Feynman_Extension\ArduinoCore\Debug\libArduinoCore.a(HardwareSerial0.o)
 .debug_aranges
                0x000002b8       0x30 c:\users\emon1\Documents\Atmel Studio\7.0\Feynman_Extension\Feynman_Extension\ArduinoCore\Debug\libArduinoCore.a(main.o)
 .debug_aranges
                0x000002e8       0xf0 c:\users\emon1\Documents\Atmel Studio\7.0\Feynman_Extension\Feynman_Extension\ArduinoCore\Debug\libArduinoCore.a(Print.o)
 .debug_aranges
                0x000003d8       0x48 c:\users\emon1\Documents\Atmel Studio\7.0\Feynman_Extension\Feynman_Extension\ArduinoCore\Debug\libArduinoCore.a(wiring.o)
 .debug_aranges
                0x00000420       0x30 c:\users\emon1\Documents\Atmel Studio\7.0\Feynman_Extension\Feynman_Extension\ArduinoCore\Debug\libArduinoCore.a(wiring_analog.o)
 .debug_aranges
                0x00000450       0x38 c:\users\emon1\Documents\Atmel Studio\7.0\Feynman_Extension\Feynman_Extension\ArduinoCore\Debug\libArduinoCore.a(wiring_digital.o)
 .debug_aranges
                0x00000488       0x48 c:\users\emon1\Documents\Atmel Studio\7.0\Feynman_Extension\Feynman_Extension\ArduinoCore\Debug\libArduinoCore.a(WMath.o)

.debug_pubnames
 *(.debug_pubnames)

.debug_info     0x00000000     0xbaea
 *(.debug_info .gnu.linkonce.wi.*)
 .debug_info    0x00000000      0x5f4 C:/Program Files (x86)/Atmel/Studio/7.0/Packs/atmel/ATmega_DFP/1.2.132/gcc/dev/atmega328p/avr5/crtatmega328p.o
 .debug_info    0x000005f4      0xdac Sketch.o
 .debug_info    0x000013a0      0x8d6 src/libraries/Servo/src/avr/Servo.o
 .debug_info    0x00001c76      0x604 src/libraries/Wire/src/utility/twi.o
 .debug_info    0x0000227a     0x2737 src/libraries/Wire/src/Wire.o
 .debug_info    0x000049b1     0x1ea5 c:\users\emon1\Documents\Atmel Studio\7.0\Feynman_Extension\Feynman_Extension\ArduinoCore\Debug\libArduinoCore.a(HardwareSerial.o)
 .debug_info    0x00006856     0x1a99 c:\users\emon1\Documents\Atmel Studio\7.0\Feynman_Extension\Feynman_Extension\ArduinoCore\Debug\libArduinoCore.a(HardwareSerial0.o)
 .debug_info    0x000082ef      0x237 c:\users\emon1\Documents\Atmel Studio\7.0\Feynman_Extension\Feynman_Extension\ArduinoCore\Debug\libArduinoCore.a(main.o)
 .debug_info    0x00008526     0x285e c:\users\emon1\Documents\Atmel Studio\7.0\Feynman_Extension\Feynman_Extension\ArduinoCore\Debug\libArduinoCore.a(Print.o)
 .debug_info    0x0000ad84      0x2cb c:\users\emon1\Documents\Atmel Studio\7.0\Feynman_Extension\Feynman_Extension\ArduinoCore\Debug\libArduinoCore.a(wiring.o)
 .debug_info    0x0000b04f      0x26d c:\users\emon1\Documents\Atmel Studio\7.0\Feynman_Extension\Feynman_Extension\ArduinoCore\Debug\libArduinoCore.a(wiring_analog.o)
 .debug_info    0x0000b2bc      0x5fe c:\users\emon1\Documents\Atmel Studio\7.0\Feynman_Extension\Feynman_Extension\ArduinoCore\Debug\libArduinoCore.a(wiring_digital.o)
 .debug_info    0x0000b8ba      0x230 c:\users\emon1\Documents\Atmel Studio\7.0\Feynman_Extension\Feynman_Extension\ArduinoCore\Debug\libArduinoCore.a(WMath.o)

.debug_abbrev   0x00000000     0x2714
 *(.debug_abbrev)
 .debug_abbrev  0x00000000      0x5a2 C:/Program Files (x86)/Atmel/Studio/7.0/Packs/atmel/ATmega_DFP/1.2.132/gcc/dev/atmega328p/avr5/crtatmega328p.o
 .debug_abbrev  0x000005a2      0x368 Sketch.o
 .debug_abbrev  0x0000090a      0x386 src/libraries/Servo/src/avr/Servo.o
 .debug_abbrev  0x00000c90      0x260 src/libraries/Wire/src/utility/twi.o
 .debug_abbrev  0x00000ef0      0x583 src/libraries/Wire/src/Wire.o
 .debug_abbrev  0x00001473      0x432 c:\users\emon1\Documents\Atmel Studio\7.0\Feynman_Extension\Feynman_Extension\ArduinoCore\Debug\libArduinoCore.a(HardwareSerial.o)
 .debug_abbrev  0x000018a5      0x3a2 c:\users\emon1\Documents\Atmel Studio\7.0\Feynman_Extension\Feynman_Extension\ArduinoCore\Debug\libArduinoCore.a(HardwareSerial0.o)
 .debug_abbrev  0x00001c47      0x12d c:\users\emon1\Documents\Atmel Studio\7.0\Feynman_Extension\Feynman_Extension\ArduinoCore\Debug\libArduinoCore.a(main.o)
 .debug_abbrev  0x00001d74      0x469 c:\users\emon1\Documents\Atmel Studio\7.0\Feynman_Extension\Feynman_Extension\ArduinoCore\Debug\libArduinoCore.a(Print.o)
 .debug_abbrev  0x000021dd      0x146 c:\users\emon1\Documents\Atmel Studio\7.0\Feynman_Extension\Feynman_Extension\ArduinoCore\Debug\libArduinoCore.a(wiring.o)
 .debug_abbrev  0x00002323      0x16b c:\users\emon1\Documents\Atmel Studio\7.0\Feynman_Extension\Feynman_Extension\ArduinoCore\Debug\libArduinoCore.a(wiring_analog.o)
 .debug_abbrev  0x0000248e      0x15b c:\users\emon1\Documents\Atmel Studio\7.0\Feynman_Extension\Feynman_Extension\ArduinoCore\Debug\libArduinoCore.a(wiring_digital.o)
 .debug_abbrev  0x000025e9      0x12b c:\users\emon1\Documents\Atmel Studio\7.0\Feynman_Extension\Feynman_Extension\ArduinoCore\Debug\libArduinoCore.a(WMath.o)

.debug_line     0x00000000     0x2b2c
 *(.debug_line .debug_line.* .debug_line_end)
 .debug_line    0x00000000      0x133 C:/Program Files (x86)/Atmel/Studio/7.0/Packs/atmel/ATmega_DFP/1.2.132/gcc/dev/atmega328p/avr5/crtatmega328p.o
 .debug_line    0x00000133      0x54a Sketch.o
 .debug_line    0x0000067d      0x3a4 src/libraries/Servo/src/avr/Servo.o
 .debug_line    0x00000a21      0x519 src/libraries/Wire/src/utility/twi.o
 .debug_line    0x00000f3a      0x5ad src/libraries/Wire/src/Wire.o
 .debug_line    0x000014e7      0x426 c:\users\emon1\Documents\Atmel Studio\7.0\Feynman_Extension\Feynman_Extension\ArduinoCore\Debug\libArduinoCore.a(HardwareSerial.o)
 .debug_line    0x0000190d      0x257 c:\users\emon1\Documents\Atmel Studio\7.0\Feynman_Extension\Feynman_Extension\ArduinoCore\Debug\libArduinoCore.a(HardwareSerial0.o)
 .debug_line    0x00001b64      0x165 c:\users\emon1\Documents\Atmel Studio\7.0\Feynman_Extension\Feynman_Extension\ArduinoCore\Debug\libArduinoCore.a(main.o)
 .debug_line    0x00001cc9      0x626 c:\users\emon1\Documents\Atmel Studio\7.0\Feynman_Extension\Feynman_Extension\ArduinoCore\Debug\libArduinoCore.a(Print.o)
 .debug_line    0x000022ef      0x299 c:\users\emon1\Documents\Atmel Studio\7.0\Feynman_Extension\Feynman_Extension\ArduinoCore\Debug\libArduinoCore.a(wiring.o)
 .debug_line    0x00002588      0x20f c:\users\emon1\Documents\Atmel Studio\7.0\Feynman_Extension\Feynman_Extension\ArduinoCore\Debug\libArduinoCore.a(wiring_analog.o)
 .debug_line    0x00002797      0x252 c:\users\emon1\Documents\Atmel Studio\7.0\Feynman_Extension\Feynman_Extension\ArduinoCore\Debug\libArduinoCore.a(wiring_digital.o)
 .debug_line    0x000029e9      0x143 c:\users\emon1\Documents\Atmel Studio\7.0\Feynman_Extension\Feynman_Extension\ArduinoCore\Debug\libArduinoCore.a(WMath.o)

.debug_frame    0x00000000      0xe4c
 *(.debug_frame)
 .debug_frame   0x00000000       0xcc Sketch.o
 .debug_frame   0x000000cc      0x1b0 src/libraries/Servo/src/avr/Servo.o
 .debug_frame   0x0000027c      0x134 src/libraries/Wire/src/utility/twi.o
 .debug_frame   0x000003b0      0x264 src/libraries/Wire/src/Wire.o
 .debug_frame   0x00000614      0x110 c:\users\emon1\Documents\Atmel Studio\7.0\Feynman_Extension\Feynman_Extension\ArduinoCore\Debug\libArduinoCore.a(HardwareSerial.o)
 .debug_frame   0x00000724       0xc0 c:\users\emon1\Documents\Atmel Studio\7.0\Feynman_Extension\Feynman_Extension\ArduinoCore\Debug\libArduinoCore.a(HardwareSerial0.o)
 .debug_frame   0x000007e4       0x54 c:\users\emon1\Documents\Atmel Studio\7.0\Feynman_Extension\Feynman_Extension\ArduinoCore\Debug\libArduinoCore.a(main.o)
 .debug_frame   0x00000838      0x38c c:\users\emon1\Documents\Atmel Studio\7.0\Feynman_Extension\Feynman_Extension\ArduinoCore\Debug\libArduinoCore.a(Print.o)
 .debug_frame   0x00000bc4       0xc4 c:\users\emon1\Documents\Atmel Studio\7.0\Feynman_Extension\Feynman_Extension\ArduinoCore\Debug\libArduinoCore.a(wiring.o)
 .debug_frame   0x00000c88       0x54 c:\users\emon1\Documents\Atmel Studio\7.0\Feynman_Extension\Feynman_Extension\ArduinoCore\Debug\libArduinoCore.a(wiring_analog.o)
 .debug_frame   0x00000cdc       0x7c c:\users\emon1\Documents\Atmel Studio\7.0\Feynman_Extension\Feynman_Extension\ArduinoCore\Debug\libArduinoCore.a(wiring_digital.o)
 .debug_frame   0x00000d58       0xf4 c:\users\emon1\Documents\Atmel Studio\7.0\Feynman_Extension\Feynman_Extension\ArduinoCore\Debug\libArduinoCore.a(WMath.o)

.debug_str      0x00000000     0x2ae0
 *(.debug_str)
 .debug_str     0x00000000      0x208 C:/Program Files (x86)/Atmel/Studio/7.0/Packs/atmel/ATmega_DFP/1.2.132/gcc/dev/atmega328p/avr5/crtatmega328p.o
 .debug_str     0x00000208      0x6bc Sketch.o
                                0x757 (size before relaxing)
 .debug_str     0x000008c4      0x11e src/libraries/Servo/src/avr/Servo.o
                                0x4f0 (size before relaxing)
 .debug_str     0x000009e2      0x2d0 src/libraries/Wire/src/utility/twi.o
                                0x3df (size before relaxing)
 .debug_str     0x00000cb2     0x140e src/libraries/Wire/src/Wire.o
                               0x18a6 (size before relaxing)
 .debug_str     0x000020c0      0x3f3 c:\users\emon1\Documents\Atmel Studio\7.0\Feynman_Extension\Feynman_Extension\ArduinoCore\Debug\libArduinoCore.a(HardwareSerial.o)
                               0x160a (size before relaxing)
 .debug_str     0x000024b3       0x47 c:\users\emon1\Documents\Atmel Studio\7.0\Feynman_Extension\Feynman_Extension\ArduinoCore\Debug\libArduinoCore.a(HardwareSerial0.o)
                               0x13e3 (size before relaxing)
 .debug_str     0x000024fa       0x37 c:\users\emon1\Documents\Atmel Studio\7.0\Feynman_Extension\Feynman_Extension\ArduinoCore\Debug\libArduinoCore.a(main.o)
                                0x2bf (size before relaxing)
 .debug_str     0x00002531      0x378 c:\users\emon1\Documents\Atmel Studio\7.0\Feynman_Extension\Feynman_Extension\ArduinoCore\Debug\libArduinoCore.a(Print.o)
                               0x1204 (size before relaxing)
 .debug_str     0x000028a9       0x7d c:\users\emon1\Documents\Atmel Studio\7.0\Feynman_Extension\Feynman_Extension\ArduinoCore\Debug\libArduinoCore.a(wiring.o)
                                0x255 (size before relaxing)
 .debug_str     0x00002926       0x6b c:\users\emon1\Documents\Atmel Studio\7.0\Feynman_Extension\Feynman_Extension\ArduinoCore\Debug\libArduinoCore.a(wiring_analog.o)
                                0x259 (size before relaxing)
 .debug_str     0x00002991       0xa3 c:\users\emon1\Documents\Atmel Studio\7.0\Feynman_Extension\Feynman_Extension\ArduinoCore\Debug\libArduinoCore.a(wiring_digital.o)
                                0x2ba (size before relaxing)
 .debug_str     0x00002a34       0xac c:\users\emon1\Documents\Atmel Studio\7.0\Feynman_Extension\Feynman_Extension\ArduinoCore\Debug\libArduinoCore.a(WMath.o)
                                0x258 (size before relaxing)

.debug_loc      0x00000000     0x4953
 *(.debug_loc)
 .debug_loc     0x00000000      0x270 Sketch.o
 .debug_loc     0x00000270      0x75c src/libraries/Servo/src/avr/Servo.o
 .debug_loc     0x000009cc      0x3e6 src/libraries/Wire/src/utility/twi.o
 .debug_loc     0x00000db2      0xbd7 src/libraries/Wire/src/Wire.o
 .debug_loc     0x00001989      0x482 c:\users\emon1\Documents\Atmel Studio\7.0\Feynman_Extension\Feynman_Extension\ArduinoCore\Debug\libArduinoCore.a(HardwareSerial.o)
 .debug_loc     0x00001e0b      0x18a c:\users\emon1\Documents\Atmel Studio\7.0\Feynman_Extension\Feynman_Extension\ArduinoCore\Debug\libArduinoCore.a(HardwareSerial0.o)
 .debug_loc     0x00001f95     0x1c61 c:\users\emon1\Documents\Atmel Studio\7.0\Feynman_Extension\Feynman_Extension\ArduinoCore\Debug\libArduinoCore.a(Print.o)
 .debug_loc     0x00003bf6      0x28d c:\users\emon1\Documents\Atmel Studio\7.0\Feynman_Extension\Feynman_Extension\ArduinoCore\Debug\libArduinoCore.a(wiring.o)
 .debug_loc     0x00003e83       0xfe c:\users\emon1\Documents\Atmel Studio\7.0\Feynman_Extension\Feynman_Extension\ArduinoCore\Debug\libArduinoCore.a(wiring_analog.o)
 .debug_loc     0x00003f81      0x5fc c:\users\emon1\Documents\Atmel Studio\7.0\Feynman_Extension\Feynman_Extension\ArduinoCore\Debug\libArduinoCore.a(wiring_digital.o)
 .debug_loc     0x0000457d      0x3d6 c:\users\emon1\Documents\Atmel Studio\7.0\Feynman_Extension\Feynman_Extension\ArduinoCore\Debug\libArduinoCore.a(WMath.o)

.debug_macinfo
 *(.debug_macinfo)

.debug_weaknames
 *(.debug_weaknames)

.debug_funcnames
 *(.debug_funcnames)

.debug_typenames
 *(.debug_typenames)

.debug_varnames
 *(.debug_varnames)

.debug_pubtypes
 *(.debug_pubtypes)

.debug_ranges   0x00000000      0x458
 *(.debug_ranges)
 .debug_ranges  0x00000000       0x38 Sketch.o
 .debug_ranges  0x00000038       0x70 src/libraries/Servo/src/avr/Servo.o
 .debug_ranges  0x000000a8       0x70 src/libraries/Wire/src/utility/twi.o
 .debug_ranges  0x00000118       0xd8 src/libraries/Wire/src/Wire.o
 .debug_ranges  0x000001f0       0x58 c:\users\emon1\Documents\Atmel Studio\7.0\Feynman_Extension\Feynman_Extension\ArduinoCore\Debug\libArduinoCore.a(HardwareSerial.o)
 .debug_ranges  0x00000248       0x28 c:\users\emon1\Documents\Atmel Studio\7.0\Feynman_Extension\Feynman_Extension\ArduinoCore\Debug\libArduinoCore.a(HardwareSerial0.o)
 .debug_ranges  0x00000270       0x20 c:\users\emon1\Documents\Atmel Studio\7.0\Feynman_Extension\Feynman_Extension\ArduinoCore\Debug\libArduinoCore.a(main.o)
 .debug_ranges  0x00000290      0x110 c:\users\emon1\Documents\Atmel Studio\7.0\Feynman_Extension\Feynman_Extension\ArduinoCore\Debug\libArduinoCore.a(Print.o)
 .debug_ranges  0x000003a0       0x38 c:\users\emon1\Documents\Atmel Studio\7.0\Feynman_Extension\Feynman_Extension\ArduinoCore\Debug\libArduinoCore.a(wiring.o)
 .debug_ranges  0x000003d8       0x20 c:\users\emon1\Documents\Atmel Studio\7.0\Feynman_Extension\Feynman_Extension\ArduinoCore\Debug\libArduinoCore.a(wiring_analog.o)
 .debug_ranges  0x000003f8       0x28 c:\users\emon1\Documents\Atmel Studio\7.0\Feynman_Extension\Feynman_Extension\ArduinoCore\Debug\libArduinoCore.a(wiring_digital.o)
 .debug_ranges  0x00000420       0x38 c:\users\emon1\Documents\Atmel Studio\7.0\Feynman_Extension\Feynman_Extension\ArduinoCore\Debug\libArduinoCore.a(WMath.o)

.debug_macro
 *(.debug_macro)
OUTPUT(Feynman_Extension.elf elf32-avr)
LOAD linker stubs
