Archive member included to satisfy reference by file (symbol)

F:\Projects\cctvservocontrol\cctvservocontrol\ArduinoCore\Debug\libArduinoCore.a(HardwareSerial.o)
                              Sketch.o (_ZN14HardwareSerial5beginEmh)
F:\Projects\cctvservocontrol\cctvservocontrol\ArduinoCore\Debug\libArduinoCore.a(HardwareSerial0.o)
                              Sketch.o (Serial)
F:\Projects\cctvservocontrol\cctvservocontrol\ArduinoCore\Debug\libArduinoCore.a(main.o)
                              C:/Program Files (x86)/Atmel/Studio/7.0/Packs/atmel/ATmega_DFP/1.0.106/gcc/dev/atmega328p/avr5/crtatmega328p.o (main)
F:\Projects\cctvservocontrol\cctvservocontrol\ArduinoCore\Debug\libArduinoCore.a(Print.o)
                              F:\Projects\cctvservocontrol\cctvservocontrol\ArduinoCore\Debug\libArduinoCore.a(HardwareSerial.o) (_ZN5Print5writeEPKhj)
F:\Projects\cctvservocontrol\cctvservocontrol\ArduinoCore\Debug\libArduinoCore.a(wiring.o)
                              Sketch.o (millis)
F:\Projects\cctvservocontrol\cctvservocontrol\ArduinoCore\Debug\libArduinoCore.a(wiring_analog.o)
                              Sketch.o (analogWrite)
F:\Projects\cctvservocontrol\cctvservocontrol\ArduinoCore\Debug\libArduinoCore.a(wiring_digital.o)
                              Sketch.o (pinMode)
F:\Projects\cctvservocontrol\cctvservocontrol\ArduinoCore\Debug\libArduinoCore.a(WMath.o)
                              Source/libraries/Servo/src/avr/Servo.o (_Z3maplllll)
F:\Projects\cctvservocontrol\cctvservocontrol\ArduinoCore\Debug\libArduinoCore.a(abi.o)
                              F:\Projects\cctvservocontrol\cctvservocontrol\ArduinoCore\Debug\libArduinoCore.a(Print.o) (__cxa_pure_virtual)
F:\Projects\cctvservocontrol\cctvservocontrol\ArduinoCore\Debug\libArduinoCore.a(hooks.o)
                              F:\Projects\cctvservocontrol\cctvservocontrol\ArduinoCore\Debug\libArduinoCore.a(wiring.o) (yield)
c:/program files (x86)/atmel/studio/7.0/toolchain/avr8/avr8-gnu-toolchain/bin/../lib/gcc/avr/4.9.2/../../../../avr/lib/avr5\libm.a(addsf3.o)
                              F:\Projects\cctvservocontrol\cctvservocontrol\ArduinoCore\Debug\libArduinoCore.a(Print.o) (__subsf3)
c:/program files (x86)/atmel/studio/7.0/toolchain/avr8/avr8-gnu-toolchain/bin/../lib/gcc/avr/4.9.2/../../../../avr/lib/avr5\libm.a(addsf3x.o)
                              c:/program files (x86)/atmel/studio/7.0/toolchain/avr8/avr8-gnu-toolchain/bin/../lib/gcc/avr/4.9.2/../../../../avr/lib/avr5\libm.a(addsf3.o) (__addsf3x)
c:/program files (x86)/atmel/studio/7.0/toolchain/avr8/avr8-gnu-toolchain/bin/../lib/gcc/avr/4.9.2/../../../../avr/lib/avr5\libm.a(cmpsf2.o)
                              F:\Projects\cctvservocontrol\cctvservocontrol\ArduinoCore\Debug\libArduinoCore.a(Print.o) (__ltsf2)
c:/program files (x86)/atmel/studio/7.0/toolchain/avr8/avr8-gnu-toolchain/bin/../lib/gcc/avr/4.9.2/../../../../avr/lib/avr5\libm.a(divsf3.o)
                              F:\Projects\cctvservocontrol\cctvservocontrol\ArduinoCore\Debug\libArduinoCore.a(Print.o) (__divsf3)
c:/program files (x86)/atmel/studio/7.0/toolchain/avr8/avr8-gnu-toolchain/bin/../lib/gcc/avr/4.9.2/../../../../avr/lib/avr5\libm.a(divsf3x.o)
                              c:/program files (x86)/atmel/studio/7.0/toolchain/avr8/avr8-gnu-toolchain/bin/../lib/gcc/avr/4.9.2/../../../../avr/lib/avr5\libm.a(divsf3.o) (__divsf3x)
c:/program files (x86)/atmel/studio/7.0/toolchain/avr8/avr8-gnu-toolchain/bin/../lib/gcc/avr/4.9.2/../../../../avr/lib/avr5\libm.a(fixsfsi.o)
                              F:\Projects\cctvservocontrol\cctvservocontrol\ArduinoCore\Debug\libArduinoCore.a(Print.o) (__fixsfsi)
c:/program files (x86)/atmel/studio/7.0/toolchain/avr8/avr8-gnu-toolchain/bin/../lib/gcc/avr/4.9.2/../../../../avr/lib/avr5\libm.a(fixunssfsi.o)
                              F:\Projects\cctvservocontrol\cctvservocontrol\ArduinoCore\Debug\libArduinoCore.a(Print.o) (__fixunssfsi)
c:/program files (x86)/atmel/studio/7.0/toolchain/avr8/avr8-gnu-toolchain/bin/../lib/gcc/avr/4.9.2/../../../../avr/lib/avr5\libm.a(floatsisf.o)
                              F:\Projects\cctvservocontrol\cctvservocontrol\ArduinoCore\Debug\libArduinoCore.a(Print.o) (__floatunsisf)
c:/program files (x86)/atmel/studio/7.0/toolchain/avr8/avr8-gnu-toolchain/bin/../lib/gcc/avr/4.9.2/../../../../avr/lib/avr5\libm.a(fp_cmp.o)
                              c:/program files (x86)/atmel/studio/7.0/toolchain/avr8/avr8-gnu-toolchain/bin/../lib/gcc/avr/4.9.2/../../../../avr/lib/avr5\libm.a(cmpsf2.o) (__fp_cmp)
c:/program files (x86)/atmel/studio/7.0/toolchain/avr8/avr8-gnu-toolchain/bin/../lib/gcc/avr/4.9.2/../../../../avr/lib/avr5\libm.a(fp_inf.o)
                              c:/program files (x86)/atmel/studio/7.0/toolchain/avr8/avr8-gnu-toolchain/bin/../lib/gcc/avr/4.9.2/../../../../avr/lib/avr5\libm.a(addsf3x.o) (__fp_inf)
[...]
Memory Configuration

Name             Origin             Length             Attributes
text             0x00000000         0x00020000         xr
data             0x00800060         0x0000ffa0         rw !x
eeprom           0x00810000         0x00010000         rw !x
fuse             0x00820000         0x00000400         rw !x
lock             0x00830000         0x00000400         rw !x
signature        0x00840000         0x00000400         rw !x
user_signatures  0x00850000         0x00000400         rw !x
*default*        0x00000000         0xffffffff

Linker script and memory map

Address of section .data set to 0x800100
LOAD C:/Program Files (x86)/Atmel/Studio/7.0/Packs/atmel/ATmega_DFP/1.0.106/gcc/dev/atmega328p/avr5/crtatmega328p.o
LOAD func.o
LOAD Sketch.o
LOAD Source/libraries/Servo/src/avr/Servo.o
LOAD Source/libraries/Servo/src/samd/Servo.o
LOAD Source/libraries/Servo/src/sam/Servo.o
LOAD Source/libraries/SPI/src/SPI.o
START GROUP
LOAD c:/program files (x86)/atmel/studio/7.0/toolchain/avr8/avr8-gnu-toolchain/bin/../lib/gcc/avr/4.9.2/../../../../avr/lib/avr5\libm.a
LOAD F:\Projects\cctvservocontrol\cctvservocontrol\ArduinoCore\Debug\libArduinoCore.a
END GROUP
LOAD c:/program files (x86)/atmel/studio/7.0/toolchain/avr8/avr8-gnu-toolchain/bin/../lib/gcc/avr/4.9.2/avr5\libgcc.a
LOAD c:/program files (x86)/atmel/studio/7.0/toolchain/avr8/avr8-gnu-toolchain/bin/../lib/gcc/avr/4.9.2/../../../../avr/lib/avr5\libm.a
START GROUP
LOAD c:/program files (x86)/atmel/studio/7.0/toolchain/avr8/avr8-gnu-toolchain/bin/../lib/gcc/avr/4.9.2/avr5\libgcc.a
LOAD c:/program files (x86)/atmel/studio/7.0/toolchain/avr8/avr8-gnu-toolchain/bin/../lib/gcc/avr/4.9.2/../../../../avr/lib/avr5\libm.a
LOAD c:/program files (x86)/atmel/studio/7.0/toolchain/avr8/avr8-gnu-toolchain/bin/../lib/gcc/avr/4.9.2/../../../../avr/lib/avr5\libc.a
LOAD C:/Program Files (x86)/Atmel/Studio/7.0/Packs/atmel/ATmega_DFP/1.0.106/gcc/dev/atmega328p/avr5\libatmega328p.a
END GROUP
                0x00020000                __TEXT_REGION_LENGTH__ = DEFINED (__TEXT_REGION_LENGTH__)?__TEXT_REGION_LENGTH__:0x20000
                0x0000ffa0                __DATA_REGION_LENGTH__ = DEFINED (__DATA_REGION_LENGTH__)?__DATA_REGION_LENGTH__:0xffa0
                0x00010000                __EEPROM_REGION_LENGTH__ = DEFINED (__EEPROM_REGION_LENGTH__)?__EEPROM_REGION_LENGTH__:0x10000
                0x00000400                __FUSE_REGION_LENGTH__ = DEFINED (__FUSE_REGION_LENGTH__)?__FUSE_REGION_LENGTH__:0x400
                0x00000400                __LOCK_REGION_LENGTH__ = DEFINED (__LOCK_REGION_LENGTH__)?__LOCK_REGION_LENGTH__:0x400
                0x00000400                __SIGNATURE_REGION_LENGTH__ = DEFINED (__SIGNATURE_REGION_LENGTH__)?__SIGNATURE_REGION_LENGTH__:0x400
                0x00000400                __USER_SIGNATURE_REGION_LENGTH__ = DEFINED (__USER_SIGNATURE_REGION_LENGTH__)?__USER_SIGNATURE_REGION_LENGTH__:0x400

.hash
 *(.hash)

.dynsym
 *(.dynsym)

.dynstr
 *(.dynstr)

.gnu.version
 *(.gnu.version)

.gnu.version_d
 *(.gnu.version_d)

.gnu.version_r
 *(.gnu.version_r)

.rel.init
 *(.rel.init)

.rela.init
 *(.rela.init)

.rel.text
 *(.rel.text)
 *(.rel.text.*)
 *(.rel.gnu.linkonce.t*)

.rela.text
 *(.rela.text)
 *(.rela.text.*)
 *(.rela.gnu.linkonce.t*)

.rel.fini
 *(.rel.fini)

.rela.fini
 *(.rela.fini)

.rel.rodata
 *(.rel.rodata)
 *(.rel.rodata.*)
 *(.rel.gnu.linkonce.r*)

.rela.rodata
 *(.rela.rodata)
 *(.rela.rodata.*)
 *(.rela.gnu.linkonce.r*)

.rel.data
 *(.rel.data)
 *(.rel.data.*)
 *(.rel.gnu.linkonce.d*)

.rela.data
 *(.rela.data)
 *(.rela.data.*)
 *(.rela.gnu.linkonce.d*)

.rel.ctors
 *(.rel.ctors)

.rela.ctors
 *(.rela.ctors)

.rel.dtors
 *(.rel.dtors)

.rela.dtors
 *(.rela.dtors)

.rel.got
 *(.rel.got)

.rela.got
 *(.rela.got)

.rel.bss
 *(.rel.bss)

.rela.bss
 *(.rela.bss)

.rel.plt
 *(.rel.plt)

.rela.plt
 *(.rela.plt)

.text           0x00000000     0x1510
 *(.vectors)
 .vectors       0x00000000       0x68 C:/Program Files (x86)/Atmel/Studio/7.0/Packs/atmel/ATmega_DFP/1.0.106/gcc/dev/atmega328p/avr5/crtatmega328p.o
                0x00000000                __vector_default
                0x00000000                __vectors
 *(.vectors)
 *(.progmem.gcc*)
                0x00000068                . = ALIGN (0x2)
                0x00000068                __trampolines_start = .
 *(.trampolines)
 .trampolines   0x00000068        0x0 linker stubs
 *(.trampolines*)
                0x00000068                __trampolines_end = .
 *libprintf_flt.a:*(.progmem.data)
 *libc.a:*(.progmem.data)
 *(.progmem*)
 .progmem.data.digital_pin_to_timer_PGM
                0x00000068       0x14 F:\Projects\cctvservocontrol\cctvservocontrol\ArduinoCore\Debug\libArduinoCore.a(wiring_digital.o)
                0x00000068                digital_pin_to_timer_PGM
 .progmem.data.digital_pin_to_bit_mask_PGM
                0x0000007c       0x14 F:\Projects\cctvservocontrol\cctvservocontrol\ArduinoCore\Debug\libArduinoCore.a(wiring_digital.o)
                0x0000007c                digital_pin_to_bit_mask_PGM
 .progmem.data.digital_pin_to_port_PGM
                0x00000090       0x14 F:\Projects\cctvservocontrol\cctvservocontrol\ArduinoCore\Debug\libArduinoCore.a(wiring_digital.o)
                0x00000090                digital_pin_to_port_PGM
 .progmem.data.port_to_output_PGM
                0x000000a4        0xa F:\Projects\cctvservocontrol\cctvservocontrol\ArduinoCore\Debug\libArduinoCore.a(wiring_digital.o)
                0x000000a4                port_to_output_PGM
 .progmem.data.port_to_mode_PGM
                0x000000ae        0xa F:\Projects\cctvservocontrol\cctvservocontrol\ArduinoCore\Debug\libArduinoCore.a(wiring_digital.o)
                0x000000ae                port_to_mode_PGM
                0x000000b8                . = ALIGN (0x2)
 *(.jumptables)
 *(.jumptables*)
 *(.lowtext)
 *(.lowtext*)
                0x000000b8                __ctors_start = .
 *(.ctors)
 .ctors         0x000000b8        0x2 Sketch.o
 .ctors         0x000000ba        0x2 F:\Projects\cctvservocontrol\cctvservocontrol\ArduinoCore\Debug\libArduinoCore.a(HardwareSerial0.o)
                0x000000bc                __ctors_end = .
                0x000000bc                __dtors_start = .
 *(.dtors)
                0x000000bc                __dtors_end = .
 SORT(*)(.ctors)
 SORT(*)(.dtors)
 *(.init0)
 .init0         0x000000bc        0x0 C:/Program Files (x86)/Atmel/Studio/7.0/Packs/atmel/ATmega_DFP/1.0.106/gcc/dev/atmega328p/avr5/crtatmega328p.o
                0x000000bc                __init
 *(.init0)
 *(.init1)
 *(.init1)
 *(.init2)
 .init2         0x000000bc        0xc C:/Program Files (x86)/Atmel/Studio/7.0/Packs/atmel/ATmega_DFP/1.0.106/gcc/dev/atmega328p/avr5/crtatmega328p.o
 *(.init2)
 *(.init3)
 *(.init3)
 *(.init4)
 .init4         0x000000c8       0x16 c:/program files (x86)/atmel/studio/7.0/toolchain/avr8/avr8-gnu-toolchain/bin/../lib/gcc/avr/4.9.2/avr5\libgcc.a(_copy_data.o)
                0x000000c8                __do_copy_data
 .init4         0x000000de       0x10 c:/program files (x86)/atmel/studio/7.0/toolchain/avr8/avr8-gnu-toolchain/bin/../lib/gcc/avr/4.9.2/avr5\libgcc.a(_clear_bss.o)
                0x000000de                __do_clear_bss
 *(.init4)
 *(.init5)
 *(.init5)
 *(.init6)
 .init6         0x000000ee       0x16 c:/program files (x86)/atmel/studio/7.0/toolchain/avr8/avr8-gnu-toolchain/bin/../lib/gcc/avr/4.9.2/avr5\libgcc.a(_ctors.o)
                0x000000ee                __do_global_ctors
 *(.init6)
 *(.init7)
 *(.init7)
 *(.init8)
 *(.init8)
 *(.init9)
 .init9         0x00000104        0x8 C:/Program Files (x86)/Atmel/Studio/7.0/Packs/atmel/ATmega_DFP/1.0.106/gcc/dev/atmega328p/avr5/crtatmega328p.o
 *(.init9)
 *(.text)
 .text          0x0000010c        0x4 C:/Program Files (x86)/Atmel/Studio/7.0/Packs/atmel/ATmega_DFP/1.0.106/gcc/dev/atmega328p/avr5/crtatmega328p.o
                0x0000010c                __vector_22
                0x0000010c                __vector_1
                0x0000010c                __vector_24
                0x0000010c                __vector_12
                0x0000010c                __bad_interrupt
                0x0000010c                __vector_6
                0x0000010c                __vector_3
                0x0000010c                __vector_23
                0x0000010c                __vector_25
                0x0000010c                __vector_13
                0x0000010c                __vector_7
                0x0000010c                __vector_5
                0x0000010c                __vector_4
                0x0000010c                __vector_9
                0x0000010c                __vector_2
                0x0000010c                __vector_21
                0x0000010c                __vector_15
                0x0000010c                __vector_8
                0x0000010c                __vector_14
                0x0000010c                __vector_10
                0x0000010c                __vector_20
                0x00000110                . = ALIGN (0x2)
 *(.text.*)
 .text._Z15command_handlerPPci
                0x00000110      0x17e Sketch.o
                0x00000110                _Z15command_handlerPPci
 .text._Z21command_parse_executePc
                0x0000028e       0x82 Sketch.o
                0x0000028e                _Z21command_parse_executePc
 .text.setup    0x00000310       0xba Sketch.o
                0x00000310                setup
 .text.__vector_17
                0x000003ca       0x4c Sketch.o
                0x000003ca                __vector_17
 .text.loop     0x00000416      0x36a Sketch.o
                0x00000416                loop
 .text.startup._GLOBAL__sub_I_cctvPitchServo
                0x00000780       0x32 Sketch.o
 .text.__vector_11
                0x000007b2      0x182 Source/libraries/Servo/src/avr/Servo.o
                0x000007b2                __vector_11
 .text._ZN5ServoC2Ev
                0x00000934       0x38 Source/libraries/Servo/src/avr/Servo.o
                0x00000934                _ZN5ServoC1Ev
                0x00000934                _ZN5ServoC2Ev
 .text._ZN5Servo6attachEiii
                0x0000096c      0x104 Source/libraries/Servo/src/avr/Servo.o
                0x0000096c                _ZN5Servo6attachEiii
 .text._ZN5Servo6attachEi
                0x00000a70        0xc Source/libraries/Servo/src/avr/Servo.o
                0x00000a70                _ZN5Servo6attachEi
 .text._ZN5Servo17writeMicrosecondsEi
                0x00000a7c       0x66 Source/libraries/Servo/src/avr/Servo.o
                0x00000a7c                _ZN5Servo17writeMicrosecondsEi
 .text._ZN5Servo5writeEi
                0x00000ae2       0xb8 Source/libraries/Servo/src/avr/Servo.o
                0x00000ae2                _ZN5Servo5writeEi
 .text._ZN14HardwareSerial9availableEv
                0x00000b9a       0x18 F:\Projects\cctvservocontrol\cctvservocontrol\ArduinoCore\Debug\libArduinoCore.a(HardwareSerial.o)
                0x00000b9a                _ZN14HardwareSerial9availableEv
 .text._ZN14HardwareSerial4peekEv
                0x00000bb2       0x1c F:\Projects\cctvservocontrol\cctvservocontrol\ArduinoCore\Debug\libArduinoCore.a(HardwareSerial.o)
                0x00000bb2                _ZN14HardwareSerial4peekEv
 .text._ZN14HardwareSerial4readEv
                0x00000bce       0x28 F:\Projects\cctvservocontrol\cctvservocontrol\ArduinoCore\Debug\libArduinoCore.a(HardwareSerial.o)
                0x00000bce                _ZN14HardwareSerial4readEv
 .text._Z14serialEventRunv
                0x00000bf6       0x1c F:\Projects\cctvservocontrol\cctvservocontrol\ArduinoCore\Debug\libArduinoCore.a(HardwareSerial.o)
                0x00000bf6                _Z14serialEventRunv
 .text._ZN14HardwareSerial17_tx_udr_empty_irqEv
                0x00000c12       0x42 F:\Projects\cctvservocontrol\cctvservocontrol\ArduinoCore\Debug\libArduinoCore.a(HardwareSerial.o)
                0x00000c12                _ZN14HardwareSerial17_tx_udr_empty_irqEv
 .text._ZN14HardwareSerial5flushEv
                0x00000c54       0x44 F:\Projects\cctvservocontrol\cctvservocontrol\ArduinoCore\Debug\libArduinoCore.a(HardwareSerial.o)
                0x00000c54                _ZN14HardwareSerial5flushEv
 .text._ZN14HardwareSerial5writeEh
                0x00000c98       0x8e F:\Projects\cctvservocontrol\cctvservocontrol\ArduinoCore\Debug\libArduinoCore.a(HardwareSerial.o)
                0x00000c98                _ZN14HardwareSerial5writeEh
 .text._ZN14HardwareSerial5beginEmh
                0x00000d26       0xc0 F:\Projects\cctvservocontrol\cctvservocontrol\ArduinoCore\Debug\libArduinoCore.a(HardwareSerial.o)
                0x00000d26                _ZN14HardwareSerial5beginEmh
 .text.__vector_18
                0x00000de6       0x64 F:\Projects\cctvservocontrol\cctvservocontrol\ArduinoCore\Debug\libArduinoCore.a(HardwareSerial0.o)
                0x00000de6                __vector_18
 .text.__vector_19
                0x00000e4a       0x4c F:\Projects\cctvservocontrol\cctvservocontrol\ArduinoCore\Debug\libArduinoCore.a(HardwareSerial0.o)
                0x00000e4a                __vector_19
 .text._Z17Serial0_availablev
                0x00000e96       0x14 F:\Projects\cctvservocontrol\cctvservocontrol\ArduinoCore\Debug\libArduinoCore.a(HardwareSerial0.o)
                0x00000e96                _Z17Serial0_availablev
 .text.startup._GLOBAL__sub_I___vector_18
                0x00000eaa       0x5a F:\Projects\cctvservocontrol\cctvservocontrol\ArduinoCore\Debug\libArduinoCore.a(HardwareSerial0.o)
 .text.initVariant
                0x00000f04        0x2 F:\Projects\cctvservocontrol\cctvservocontrol\ArduinoCore\Debug\libArduinoCore.a(main.o)
                0x00000f04                initVariant
 .text.startup.main
                0x00000f06       0x1e F:\Projects\cctvservocontrol\cctvservocontrol\ArduinoCore\Debug\libArduinoCore.a(main.o)
                0x00000f06                main
 .text._ZN5Print5writeEPKhj
                0x00000f24       0x56 F:\Projects\cctvservocontrol\cctvservocontrol\ArduinoCore\Debug\libArduinoCore.a(Print.o)
                0x00000f24                _ZN5Print5writeEPKhj
 .text._ZN5Print5writeEPKc
                0x00000f7a       0x2a F:\Projects\cctvservocontrol\cctvservocontrol\ArduinoCore\Debug\libArduinoCore.a(Print.o)
                0x00000f7a                _ZN5Print5writeEPKc
 .text._ZN5Print7printlnEv
                0x00000fa4        0x8 F:\Projects\cctvservocontrol\cctvservocontrol\ArduinoCore\Debug\libArduinoCore.a(Print.o)
                0x00000fa4                _ZN5Print7printlnEv
 .text._ZN5Print7printlnEPKc
                0x00000fac       0x24 F:\Projects\cctvservocontrol\cctvservocontrol\ArduinoCore\Debug\libArduinoCore.a(Print.o)
                0x00000fac                _ZN5Print7printlnEPKc
 .text.__vector_16
                0x00000fd0       0x94 F:\Projects\cctvservocontrol\cctvservocontrol\ArduinoCore\Debug\libArduinoCore.a(wiring.o)
                0x00000fd0                __vector_16
 .text.millis   0x00001064       0x18 F:\Projects\cctvservocontrol\cctvservocontrol\ArduinoCore\Debug\libArduinoCore.a(wiring.o)
                0x00001064                millis
 .text.init     0x0000107c       0x76 F:\Projects\cctvservocontrol\cctvservocontrol\ArduinoCore\Debug\libArduinoCore.a(wiring.o)
                0x0000107c                init
 .text.analogWrite
                0x000010f2       0xbe F:\Projects\cctvservocontrol\cctvservocontrol\ArduinoCore\Debug\libArduinoCore.a(wiring_analog.o)
                0x000010f2                analogWrite
 .text.turnOffPWM
                0x000011b0       0x52 F:\Projects\cctvservocontrol\cctvservocontrol\ArduinoCore\Debug\libArduinoCore.a(wiring_digital.o)
 .text.pinMode  0x00001202       0x78 F:\Projects\cctvservocontrol\cctvservocontrol\ArduinoCore\Debug\libArduinoCore.a(wiring_digital.o)
                0x00001202                pinMode
 .text.digitalWrite
                0x0000127a       0x60 F:\Projects\cctvservocontrol\cctvservocontrol\ArduinoCore\Debug\libArduinoCore.a(wiring_digital.o)
                0x0000127a                digitalWrite
 .text._Z3maplllll
                0x000012da       0x82 F:\Projects\cctvservocontrol\cctvservocontrol\ArduinoCore\Debug\libArduinoCore.a(WMath.o)
                0x000012da                _Z3maplllll
 .text.libgcc.mul
                0x0000135c       0x20 c:/program files (x86)/atmel/studio/7.0/toolchain/avr8/avr8-gnu-toolchain/bin/../lib/gcc/avr/4.9.2/avr5\libgcc.a(_mulsi3.o)
                0x0000135c                __mulsi3
 .text.libgcc.div
                0x0000137c       0x18 c:/program files (x86)/atmel/studio/7.0/toolchain/avr8/avr8-gnu-toolchain/bin/../lib/gcc/avr/4.9.2/avr5\libgcc.a(_udivmodqi4.o)
                0x0000137c                __udivmodqi4
 .text.libgcc.div
                0x00001394       0x44 c:/program files (x86)/atmel/studio/7.0/toolchain/avr8/avr8-gnu-toolchain/bin/../lib/gcc/avr/4.9.2/avr5\libgcc.a(_udivmodsi4.o)
                0x00001394                __udivmodsi4
 .text.libgcc.div
                0x000013d8       0x2e c:/program files (x86)/atmel/studio/7.0/toolchain/avr8/avr8-gnu-toolchain/bin/../lib/gcc/avr/4.9.2/avr5\libgcc.a(_divmodsi4.o)
                0x000013d8                __divmodsi4
 .text.libgcc.div
                0x00001406       0x10 c:/program files (x86)/atmel/studio/7.0/toolchain/avr8/avr8-gnu-toolchain/bin/../lib/gcc/avr/4.9.2/avr5\libgcc.a(_negsi2.o)
                0x00001406                __negsi2
 .text.libgcc.mul
                0x00001416       0x16 c:/program files (x86)/atmel/studio/7.0/toolchain/avr8/avr8-gnu-toolchain/bin/../lib/gcc/avr/4.9.2/avr5\libgcc.a(_muluhisi3.o)
                0x00001416                __muluhisi3
 .text.libgcc   0x0000142c        0xc c:/program files (x86)/atmel/studio/7.0/toolchain/avr8/avr8-gnu-toolchain/bin/../lib/gcc/avr/4.9.2/avr5\libgcc.a(_tablejump2.o)
                0x0000142c                __tablejump2__
 .text.libgcc.mul
                0x00001438       0x1e c:/program files (x86)/atmel/studio/7.0/toolchain/avr8/avr8-gnu-toolchain/bin/../lib/gcc/avr/4.9.2/avr5\libgcc.a(_umulhisi3.o)
                0x00001438                __umulhisi3
 .text.avr-libc
                0x00001456       0x3c c:/program files (x86)/atmel/studio/7.0/toolchain/avr8/avr8-gnu-toolchain/bin/../lib/gcc/avr/4.9.2/../../../../avr/lib/avr5\libc.a(atoi.o)
                0x00001456                atoi
 .text.avr-libc
                0x00001492        0xa c:/program files (x86)/atmel/studio/7.0/toolchain/avr8/avr8-gnu-toolchain/bin/../lib/gcc/avr/4.9.2/../../../../avr/lib/avr5\libc.a(strtok.o)
                0x00001492                strtok
 .text.avr-libc
                0x0000149c       0x12 c:/program files (x86)/atmel/studio/7.0/toolchain/avr8/avr8-gnu-toolchain/bin/../lib/gcc/avr/4.9.2/../../../../avr/lib/avr5\libc.a(strcmp.o)
                0x0000149c                strcmp
 .text.avr-libc
                0x000014ae       0x4e c:/program files (x86)/atmel/studio/7.0/toolchain/avr8/avr8-gnu-toolchain/bin/../lib/gcc/avr/4.9.2/../../../../avr/lib/avr5\libc.a(strtok_r.o)
                0x000014ae                strtok_r
 .text.avr-libc
                0x000014fc       0x10 c:/program files (x86)/atmel/studio/7.0/toolchain/avr8/avr8-gnu-toolchain/bin/../lib/gcc/avr/4.9.2/../../../../avr/lib/avr5\libc.a(mul10.o)
                0x000014fc                __mulhi_const_10
                0x0000150c                . = ALIGN (0x2)
 *(.fini9)
 .fini9         0x0000150c        0x0 c:/program files (x86)/atmel/studio/7.0/toolchain/avr8/avr8-gnu-toolchain/bin/../lib/gcc/avr/4.9.2/avr5\libgcc.a(_exit.o)
                0x0000150c                _exit
                0x0000150c                exit
 *(.fini9)
 *(.fini8)
 *(.fini8)
 *(.fini7)
 *(.fini7)
 *(.fini6)
 *(.fini6)
 *(.fini5)
 *(.fini5)
 *(.fini4)
 *(.fini4)
 *(.fini3)
 *(.fini3)
 *(.fini2)
 *(.fini2)
 *(.fini1)
 *(.fini1)
 *(.fini0)
 .fini0         0x0000150c        0x4 c:/program files (x86)/atmel/studio/7.0/toolchain/avr8/avr8-gnu-toolchain/bin/../lib/gcc/avr/4.9.2/avr5\libgcc.a(_exit.o)
 *(.fini0)
                0x00001510                _etext = .

.data           0x00800100       0x70 load address 0x00001510
                0x00800100                PROVIDE (__data_start, .)
 *(.data)
 *(.data*)
 .data.beep_rate_ms
                0x00800100        0x2 Sketch.o
                0x00800100                beep_rate_ms
 .data.beep_times
                0x00800102        0x2 Sketch.o
                0x00800102                beep_times
 .data.servo_yaw_pos
                0x00800104        0x2 Sketch.o
                0x00800104                servo_yaw_pos
 .data.servo_pitch_pos
                0x00800106        0x2 Sketch.o
                0x00800106                servo_pitch_pos
 .data.servo_speed
                0x00800108        0x2 Sketch.o
                0x00800108                servo_speed
 *(.rodata)
 *(.rodata*)
 .rodata.str1.1
                0x0080010a       0x44 Sketch.o
 .rodata._ZTV14HardwareSerial
                0x0080014e       0x10 F:\Projects\cctvservocontrol\cctvservocontrol\ArduinoCore\Debug\libArduinoCore.a(HardwareSerial.o)
                0x0080014e                _ZTV14HardwareSerial
 .rodata.str1.1
                0x0080015e       0x11 F:\Projects\cctvservocontrol\cctvservocontrol\ArduinoCore\Debug\libArduinoCore.a(Print.o)
 *(.gnu.linkonce.d*)
                0x00800170                . = ALIGN (0x2)
 *fill*         0x0080016f        0x1 
                0x00800170                _edata = .
                0x00800170                PROVIDE (__data_end, .)

.bss            0x00800170      0x12d
                0x00800170                PROVIDE (__bss_start, .)
 *(.bss)
 .bss           0x00800170        0x2 c:/program files (x86)/atmel/studio/7.0/toolchain/avr8/avr8-gnu-toolchain/bin/../lib/gcc/avr/4.9.2/../../../../avr/lib/avr5\libc.a(strtok.o)
 *(.bss*)
 .bss.ledstateupdate_flag
                0x00800172        0x1 Sketch.o
                0x00800172                ledstateupdate_flag
 .bss.led3state
                0x00800173        0x1 Sketch.o
                0x00800173                led3state
 .bss.led2state
                0x00800174        0x1 Sketch.o
                0x00800174                led2state
 .bss.led1state
                0x00800175        0x1 Sketch.o
                0x00800175                led1state
 .bss.beep_state
                0x00800176        0x1 Sketch.o
                0x00800176                beep_state
 .bss.beep_request
                0x00800177        0x1 Sketch.o
                0x00800177                beep_request
 .bss.beep_timer
                0x00800178        0x4 Sketch.o
                0x00800178                beep_timer
 .bss.cctv_yaw_timer
                0x0080017c        0x4 Sketch.o
                0x0080017c                cctv_yaw_timer
 .bss.cctv_pitch_timer
                0x00800180        0x4 Sketch.o
                0x00800180                cctv_pitch_timer
 .bss.servo_pos_update_flag
                0x00800184        0x1 Sketch.o
                0x00800184                servo_pos_update_flag
 .bss.servo_yaw_pos_last
                0x00800185        0x2 Sketch.o
                0x00800185                servo_yaw_pos_last
 .bss.servo_pitch_pos_last
                0x00800187        0x2 Sketch.o
                0x00800187                servo_pitch_pos_last
 .bss.process_it
                0x00800189        0x1 Sketch.o
                0x00800189                process_it
 .bss.pos       0x0080018a        0x1 Sketch.o
                0x0080018a                pos
 .bss.buf       0x0080018b       0x40 Sketch.o
                0x0080018b                buf
 .bss.cctvYawServo
                0x008001cb        0x3 Sketch.o
                0x008001cb                cctvYawServo
 .bss.cctvPitchServo
                0x008001ce        0x3 Sketch.o
                0x008001ce                cctvPitchServo
 .bss.ServoCount
                0x008001d1        0x1 Source/libraries/Servo/src/avr/Servo.o
                0x008001d1                ServoCount
 .bss._ZL7Channel
                0x008001d2        0x1 Source/libraries/Servo/src/avr/Servo.o
 .bss._ZL6servos
                0x008001d3       0x24 Source/libraries/Servo/src/avr/Servo.o
 .bss.Serial    0x008001f7       0x9d F:\Projects\cctvservocontrol\cctvservocontrol\ArduinoCore\Debug\libArduinoCore.a(HardwareSerial0.o)
                0x008001f7                Serial
 .bss.timer0_fract
                0x00800294        0x1 F:\Projects\cctvservocontrol\cctvservocontrol\ArduinoCore\Debug\libArduinoCore.a(wiring.o)
 .bss.timer0_millis
                0x00800295        0x4 F:\Projects\cctvservocontrol\cctvservocontrol\ArduinoCore\Debug\libArduinoCore.a(wiring.o)
                0x00800295                timer0_millis
 .bss.timer0_overflow_count
                0x00800299        0x4 F:\Projects\cctvservocontrol\cctvservocontrol\ArduinoCore\Debug\libArduinoCore.a(wiring.o)
                0x00800299                timer0_overflow_count
 *(COMMON)
                0x0080029d                PROVIDE (__bss_end, .)
                0x00001510                __data_load_start = LOADADDR (.data)
                0x00001580                __data_load_end = (__data_load_start + SIZEOF (.data))

.noinit         0x0080029d        0x0
                [!provide]                PROVIDE (__noinit_start, .)
 *(.noinit*)
                [!provide]                PROVIDE (__noinit_end, .)
                0x0080029d                _end = .
                [!provide]                PROVIDE (__heap_start, .)

.eeprom         0x00810000        0x0
 *(.eeprom*)
                0x00810000                __eeprom_end = .

.fuse
 *(.fuse)
 *(.lfuse)
 *(.hfuse)
 *(.efuse)

.lock
 *(.lock*)

.signature
 *(.signature*)

.user_signatures
 *(.user_signatures*)

.stab
 *(.stab)

.stabstr
 *(.stabstr)

.stab.excl
 *(.stab.excl)

.stab.exclstr
 *(.stab.exclstr)

.stab.index
 *(.stab.index)

.stab.indexstr
 *(.stab.indexstr)

.comment        0x00000000       0x30
 *(.comment)
 .comment       0x00000000       0x30 Sketch.o
                                 0x31 (size before relaxing)
 .comment       0x00000030       0x31 Source/libraries/Servo/src/avr/Servo.o
 .comment       0x00000030       0x31 F:\Projects\cctvservocontrol\cctvservocontrol\ArduinoCore\Debug\libArduinoCore.a(HardwareSerial.o)
 .comment       0x00000030       0x31 F:\Projects\cctvservocontrol\cctvservocontrol\ArduinoCore\Debug\libArduinoCore.a(HardwareSerial0.o)
 .comment       0x00000030       0x31 F:\Projects\cctvservocontrol\cctvservocontrol\ArduinoCore\Debug\libArduinoCore.a(main.o)
 .comment       0x00000030       0x31 F:\Projects\cctvservocontrol\cctvservocontrol\ArduinoCore\Debug\libArduinoCore.a(Print.o)
 .comment       0x00000030       0x31 F:\Projects\cctvservocontrol\cctvservocontrol\ArduinoCore\Debug\libArduinoCore.a(wiring.o)
 .comment       0x00000030       0x31 F:\Projects\cctvservocontrol\cctvservocontrol\ArduinoCore\Debug\libArduinoCore.a(wiring_analog.o)
 .comment       0x00000030       0x31 F:\Projects\cctvservocontrol\cctvservocontrol\ArduinoCore\Debug\libArduinoCore.a(wiring_digital.o)
 .comment       0x00000030       0x31 F:\Projects\cctvservocontrol\cctvservocontrol\ArduinoCore\Debug\libArduinoCore.a(WMath.o)
 .comment       0x00000030       0x31 c:/program files (x86)/atmel/studio/7.0/toolchain/avr8/avr8-gnu-toolchain/bin/../lib/gcc/avr/4.9.2/../../../../avr/lib/avr5\libc.a(strtok.o)

.note.gnu.avr.deviceinfo
                0x00000000       0x40
 .note.gnu.avr.deviceinfo
                0x00000000       0x40 C:/Program Files (x86)/Atmel/Studio/7.0/Packs/atmel/ATmega_DFP/1.0.106/gcc/dev/atmega328p/avr5/crtatmega328p.o

.note.gnu.build-id
 *(.note.gnu.build-id)

.debug
 *(.debug)

.line
 *(.line)

.debug_srcinfo
 *(.debug_srcinfo)

.debug_sfnames
 *(.debug_sfnames)

.debug_aranges  0x00000000      0x370
 *(.debug_aranges)
 .debug_aranges
                0x00000000       0x48 Sketch.o
 .debug_aranges
                0x00000048       0x68 Source/libraries/Servo/src/avr/Servo.o
 .debug_aranges
                0x000000b0       0x68 F:\Projects\cctvservocontrol\cctvservocontrol\ArduinoCore\Debug\libArduinoCore.a(HardwareSerial.o)
 .debug_aranges
                0x00000118       0x38 F:\Projects\cctvservocontrol\cctvservocontrol\ArduinoCore\Debug\libArduinoCore.a(HardwareSerial0.o)
 .debug_aranges
                0x00000150       0x38 F:\Projects\cctvservocontrol\cctvservocontrol\ArduinoCore\Debug\libArduinoCore.a(main.o)
 .debug_aranges
                0x00000188       0xf0 F:\Projects\cctvservocontrol\cctvservocontrol\ArduinoCore\Debug\libArduinoCore.a(Print.o)
 .debug_aranges
                0x00000278       0x48 F:\Projects\cctvservocontrol\cctvservocontrol\ArduinoCore\Debug\libArduinoCore.a(wiring.o)
 .debug_aranges
                0x000002c0       0x30 F:\Projects\cctvservocontrol\cctvservocontrol\ArduinoCore\Debug\libArduinoCore.a(wiring_analog.o)
 .debug_aranges
                0x000002f0       0x38 F:\Projects\cctvservocontrol\cctvservocontrol\ArduinoCore\Debug\libArduinoCore.a(wiring_digital.o)
 .debug_aranges
                0x00000328       0x48 F:\Projects\cctvservocontrol\cctvservocontrol\ArduinoCore\Debug\libArduinoCore.a(WMath.o)

.debug_pubnames
 *(.debug_pubnames)

.debug_info     0x00000000     0x8957
 *(.debug_info .gnu.linkonce.wi.*)
 .debug_info    0x00000000      0xf95 Sketch.o
 .debug_info    0x00000f95      0x8f9 Source/libraries/Servo/src/avr/Servo.o
 .debug_info    0x0000188e     0x1dd1 F:\Projects\cctvservocontrol\cctvservocontrol\ArduinoCore\Debug\libArduinoCore.a(HardwareSerial.o)
 .debug_info    0x0000365f     0x19ca F:\Projects\cctvservocontrol\cctvservocontrol\ArduinoCore\Debug\libArduinoCore.a(HardwareSerial0.o)
 .debug_info    0x00005029      0x231 F:\Projects\cctvservocontrol\cctvservocontrol\ArduinoCore\Debug\libArduinoCore.a(main.o)
 .debug_info    0x0000525a     0x297b F:\Projects\cctvservocontrol\cctvservocontrol\ArduinoCore\Debug\libArduinoCore.a(Print.o)
 .debug_info    0x00007bd5      0x2c8 F:\Projects\cctvservocontrol\cctvservocontrol\ArduinoCore\Debug\libArduinoCore.a(wiring.o)
 .debug_info    0x00007e9d      0x281 F:\Projects\cctvservocontrol\cctvservocontrol\ArduinoCore\Debug\libArduinoCore.a(wiring_analog.o)
 .debug_info    0x0000811e      0x5f9 F:\Projects\cctvservocontrol\cctvservocontrol\ArduinoCore\Debug\libArduinoCore.a(wiring_digital.o)
 .debug_info    0x00008717      0x240 F:\Projects\cctvservocontrol\cctvservocontrol\ArduinoCore\Debug\libArduinoCore.a(WMath.o)

.debug_abbrev   0x00000000     0x1b17
 *(.debug_abbrev)
 .debug_abbrev  0x00000000      0x453 Sketch.o
 .debug_abbrev  0x00000453      0x39c Source/libraries/Servo/src/avr/Servo.o
 .debug_abbrev  0x000007ef      0x478 F:\Projects\cctvservocontrol\cctvservocontrol\ArduinoCore\Debug\libArduinoCore.a(HardwareSerial.o)
 .debug_abbrev  0x00000c67      0x3b1 F:\Projects\cctvservocontrol\cctvservocontrol\ArduinoCore\Debug\libArduinoCore.a(HardwareSerial0.o)
 .debug_abbrev  0x00001018      0x109 F:\Projects\cctvservocontrol\cctvservocontrol\ArduinoCore\Debug\libArduinoCore.a(main.o)
 .debug_abbrev  0x00001121      0x487 F:\Projects\cctvservocontrol\cctvservocontrol\ArduinoCore\Debug\libArduinoCore.a(Print.o)
 .debug_abbrev  0x000015a8      0x145 F:\Projects\cctvservocontrol\cctvservocontrol\ArduinoCore\Debug\libArduinoCore.a(wiring.o)
 .debug_abbrev  0x000016ed      0x184 F:\Projects\cctvservocontrol\cctvservocontrol\ArduinoCore\Debug\libArduinoCore.a(wiring_analog.o)
 .debug_abbrev  0x00001871      0x15b F:\Projects\cctvservocontrol\cctvservocontrol\ArduinoCore\Debug\libArduinoCore.a(wiring_digital.o)
 .debug_abbrev  0x000019cc      0x14b F:\Projects\cctvservocontrol\cctvservocontrol\ArduinoCore\Debug\libArduinoCore.a(WMath.o)

.debug_line     0x00000000     0x2014
 *(.debug_line .debug_line.* .debug_line_end)
 .debug_line    0x00000000      0x55f Sketch.o
 .debug_line    0x0000055f      0x3bc Source/libraries/Servo/src/avr/Servo.o
 .debug_line    0x0000091b      0x42d F:\Projects\cctvservocontrol\cctvservocontrol\ArduinoCore\Debug\libArduinoCore.a(HardwareSerial.o)
 .debug_line    0x00000d48      0x26c F:\Projects\cctvservocontrol\cctvservocontrol\ArduinoCore\Debug\libArduinoCore.a(HardwareSerial0.o)
 .debug_line    0x00000fb4      0x18a F:\Projects\cctvservocontrol\cctvservocontrol\ArduinoCore\Debug\libArduinoCore.a(main.o)
 .debug_line    0x0000113e      0x653 F:\Projects\cctvservocontrol\cctvservocontrol\ArduinoCore\Debug\libArduinoCore.a(Print.o)
 .debug_line    0x00001791      0x2af F:\Projects\cctvservocontrol\cctvservocontrol\ArduinoCore\Debug\libArduinoCore.a(wiring.o)
 .debug_line    0x00001a40      0x224 F:\Projects\cctvservocontrol\cctvservocontrol\ArduinoCore\Debug\libArduinoCore.a(wiring_analog.o)
 .debug_line    0x00001c64      0x267 F:\Projects\cctvservocontrol\cctvservocontrol\ArduinoCore\Debug\libArduinoCore.a(wiring_digital.o)
 .debug_line    0x00001ecb      0x149 F:\Projects\cctvservocontrol\cctvservocontrol\ArduinoCore\Debug\libArduinoCore.a(WMath.o)

.debug_frame    0x00000000      0xae0
 *(.debug_frame)
 .debug_frame   0x00000000       0xec Sketch.o
 .debug_frame   0x000000ec      0x1b0 Source/libraries/Servo/src/avr/Servo.o
 .debug_frame   0x0000029c      0x110 F:\Projects\cctvservocontrol\cctvservocontrol\ArduinoCore\Debug\libArduinoCore.a(HardwareSerial.o)
 .debug_frame   0x000003ac       0xc0 F:\Projects\cctvservocontrol\cctvservocontrol\ArduinoCore\Debug\libArduinoCore.a(HardwareSerial0.o)
 .debug_frame   0x0000046c       0x54 F:\Projects\cctvservocontrol\cctvservocontrol\ArduinoCore\Debug\libArduinoCore.a(main.o)
 .debug_frame   0x000004c0      0x39c F:\Projects\cctvservocontrol\cctvservocontrol\ArduinoCore\Debug\libArduinoCore.a(Print.o)
 .debug_frame   0x0000085c       0xc4 F:\Projects\cctvservocontrol\cctvservocontrol\ArduinoCore\Debug\libArduinoCore.a(wiring.o)
 .debug_frame   0x00000920       0x54 F:\Projects\cctvservocontrol\cctvservocontrol\ArduinoCore\Debug\libArduinoCore.a(wiring_analog.o)
 .debug_frame   0x00000974       0x7c F:\Projects\cctvservocontrol\cctvservocontrol\ArduinoCore\Debug\libArduinoCore.a(wiring_digital.o)
 .debug_frame   0x000009f0       0xf0 F:\Projects\cctvservocontrol\cctvservocontrol\ArduinoCore\Debug\libArduinoCore.a(WMath.o)

.debug_str      0x00000000     0x210a
 *(.debug_str)
 .debug_str     0x00000000      0x8e1 Sketch.o
                                0x967 (size before relaxing)
 .debug_str     0x000008e1      0x118 Source/libraries/Servo/src/avr/Servo.o
                                0x4b7 (size before relaxing)
 .debug_str     0x000009f9      0xfda F:\Projects\cctvservocontrol\cctvservocontrol\ArduinoCore\Debug\libArduinoCore.a(HardwareSerial.o)
                               0x12d4 (size before relaxing)
 .debug_str     0x000019d3       0x47 F:\Projects\cctvservocontrol\cctvservocontrol\ArduinoCore\Debug\libArduinoCore.a(HardwareSerial0.o)
                               0x10d4 (size before relaxing)
 .debug_str     0x00001a1a       0x43 F:\Projects\cctvservocontrol\cctvservocontrol\ArduinoCore\Debug\libArduinoCore.a(main.o)
                                0x2a9 (size before relaxing)
 .debug_str     0x00001a5d      0x3a4 F:\Projects\cctvservocontrol\cctvservocontrol\ArduinoCore\Debug\libArduinoCore.a(Print.o)
                                0xf54 (size before relaxing)
 .debug_str     0x00001e01      0x14f F:\Projects\cctvservocontrol\cctvservocontrol\ArduinoCore\Debug\libArduinoCore.a(wiring.o)
                                0x233 (size before relaxing)
 .debug_str     0x00001f50       0x6b F:\Projects\cctvservocontrol\cctvservocontrol\ArduinoCore\Debug\libArduinoCore.a(wiring_analog.o)
                                0x237 (size before relaxing)
 .debug_str     0x00001fbb       0xa3 F:\Projects\cctvservocontrol\cctvservocontrol\ArduinoCore\Debug\libArduinoCore.a(wiring_digital.o)
                                0x298 (size before relaxing)
 .debug_str     0x0000205e       0xac F:\Projects\cctvservocontrol\cctvservocontrol\ArduinoCore\Debug\libArduinoCore.a(WMath.o)
                                0x236 (size before relaxing)

.debug_loc      0x00000000     0x3b06
 *(.debug_loc)
 .debug_loc     0x00000000      0x283 Sketch.o
 .debug_loc     0x00000283      0x6e5 Source/libraries/Servo/src/avr/Servo.o
 .debug_loc     0x00000968      0x431 F:\Projects\cctvservocontrol\cctvservocontrol\ArduinoCore\Debug\libArduinoCore.a(HardwareSerial.o)
 .debug_loc     0x00000d99      0x161 F:\Projects\cctvservocontrol\cctvservocontrol\ArduinoCore\Debug\libArduinoCore.a(HardwareSerial0.o)
 .debug_loc     0x00000efa     0x1ef5 F:\Projects\cctvservocontrol\cctvservocontrol\ArduinoCore\Debug\libArduinoCore.a(Print.o)
 .debug_loc     0x00002def      0x269 F:\Projects\cctvservocontrol\cctvservocontrol\ArduinoCore\Debug\libArduinoCore.a(wiring.o)
 .debug_loc     0x00003058       0xfe F:\Projects\cctvservocontrol\cctvservocontrol\ArduinoCore\Debug\libArduinoCore.a(wiring_analog.o)
 .debug_loc     0x00003156      0x5e3 F:\Projects\cctvservocontrol\cctvservocontrol\ArduinoCore\Debug\libArduinoCore.a(wiring_digital.o)
 .debug_loc     0x00003739      0x3cd F:\Projects\cctvservocontrol\cctvservocontrol\ArduinoCore\Debug\libArduinoCore.a(WMath.o)

.debug_macinfo
 *(.debug_macinfo)

.debug_weaknames
 *(.debug_weaknames)

.debug_funcnames
 *(.debug_funcnames)

.debug_typenames
 *(.debug_typenames)

.debug_varnames
 *(.debug_varnames)

.debug_pubtypes
 *(.debug_pubtypes)

.debug_ranges   0x00000000      0x330
 *(.debug_ranges)
 .debug_ranges  0x00000000       0x38 Sketch.o
 .debug_ranges  0x00000038       0x58 Source/libraries/Servo/src/avr/Servo.o
 .debug_ranges  0x00000090       0x70 F:\Projects\cctvservocontrol\cctvservocontrol\ArduinoCore\Debug\libArduinoCore.a(HardwareSerial.o)
 .debug_ranges  0x00000100       0x28 F:\Projects\cctvservocontrol\cctvservocontrol\ArduinoCore\Debug\libArduinoCore.a(HardwareSerial0.o)
 .debug_ranges  0x00000128       0x28 F:\Projects\cctvservocontrol\cctvservocontrol\ArduinoCore\Debug\libArduinoCore.a(main.o)
 .debug_ranges  0x00000150      0x128 F:\Projects\cctvservocontrol\cctvservocontrol\ArduinoCore\Debug\libArduinoCore.a(Print.o)
 .debug_ranges  0x00000278       0x38 F:\Projects\cctvservocontrol\cctvservocontrol\ArduinoCore\Debug\libArduinoCore.a(wiring.o)
 .debug_ranges  0x000002b0       0x20 F:\Projects\cctvservocontrol\cctvservocontrol\ArduinoCore\Debug\libArduinoCore.a(wiring_analog.o)
 .debug_ranges  0x000002d0       0x28 F:\Projects\cctvservocontrol\cctvservocontrol\ArduinoCore\Debug\libArduinoCore.a(wiring_digital.o)
 .debug_ranges  0x000002f8       0x38 F:\Projects\cctvservocontrol\cctvservocontrol\ArduinoCore\Debug\libArduinoCore.a(WMath.o)

.debug_macro
 *(.debug_macro)
OUTPUT(Blink.elf elf32-avr)
LOAD linker stubs
